Archive member included to satisfy reference by file (symbol)

/home/krzysztof/SimplicityStudio_v5/developer/toolchains/gnu_arm/7.2_2017q4/bin/../lib/gcc/arm-none-eabi/7.2.1/thumb/v8-m.main/fpv5-sp/hard/libgcc.a(_aeabi_ldivmod.o)
                              ./gecko_sdk_3.0.0/platform/service/power_manager/src/sl_power_manager_hal_s2.o (__aeabi_ldivmod)
/home/krzysztof/SimplicityStudio_v5/developer/toolchains/gnu_arm/7.2_2017q4/bin/../lib/gcc/arm-none-eabi/7.2.1/thumb/v8-m.main/fpv5-sp/hard/libgcc.a(_aeabi_uldivmod.o)
                              ./gecko_sdk_3.0.0/platform/service/power_manager/src/sl_power_manager_hal_s2.o (__aeabi_uldivmod)
/home/krzysztof/SimplicityStudio_v5/developer/toolchains/gnu_arm/7.2_2017q4/bin/../lib/gcc/arm-none-eabi/7.2.1/thumb/v8-m.main/fpv5-sp/hard/libgcc.a(_udivmoddi4.o)
                              /home/krzysztof/SimplicityStudio_v5/developer/toolchains/gnu_arm/7.2_2017q4/bin/../lib/gcc/arm-none-eabi/7.2.1/thumb/v8-m.main/fpv5-sp/hard/libgcc.a(_aeabi_ldivmod.o) (__udivmoddi4)
/home/krzysztof/SimplicityStudio_v5/developer/toolchains/gnu_arm/7.2_2017q4/bin/../lib/gcc/arm-none-eabi/7.2.1/thumb/v8-m.main/fpv5-sp/hard/libgcc.a(_dvmd_tls.o)
                              /home/krzysztof/SimplicityStudio_v5/developer/toolchains/gnu_arm/7.2_2017q4/bin/../lib/gcc/arm-none-eabi/7.2.1/thumb/v8-m.main/fpv5-sp/hard/libgcc.a(_aeabi_ldivmod.o) (__aeabi_ldiv0)
/home/krzysztof/SimplicityStudio_v5/developer/toolchains/gnu_arm/7.2_2017q4/bin/../lib/gcc/arm-none-eabi/7.2.1/../../../../arm-none-eabi/lib/thumb/v8-m.main/fpv5-sp/hard/libc_nano.a(lib_a-exit.o)
                              /home/krzysztof/SimplicityStudio_v5/developer/toolchains/gnu_arm/7.2_2017q4/bin/../lib/gcc/arm-none-eabi/7.2.1/../../../../arm-none-eabi/lib/thumb/v8-m.main/fpv5-sp/hard/crt0.o (exit)
/home/krzysztof/SimplicityStudio_v5/developer/toolchains/gnu_arm/7.2_2017q4/bin/../lib/gcc/arm-none-eabi/7.2.1/../../../../arm-none-eabi/lib/thumb/v8-m.main/fpv5-sp/hard/libc_nano.a(lib_a-impure.o)
                              /home/krzysztof/SimplicityStudio_v5/developer/toolchains/gnu_arm/7.2_2017q4/bin/../lib/gcc/arm-none-eabi/7.2.1/../../../../arm-none-eabi/lib/thumb/v8-m.main/fpv5-sp/hard/libc_nano.a(lib_a-exit.o) (_global_impure_ptr)
/home/krzysztof/SimplicityStudio_v5/developer/toolchains/gnu_arm/7.2_2017q4/bin/../lib/gcc/arm-none-eabi/7.2.1/../../../../arm-none-eabi/lib/thumb/v8-m.main/fpv5-sp/hard/libc_nano.a(lib_a-init.o)
                              /home/krzysztof/SimplicityStudio_v5/developer/toolchains/gnu_arm/7.2_2017q4/bin/../lib/gcc/arm-none-eabi/7.2.1/../../../../arm-none-eabi/lib/thumb/v8-m.main/fpv5-sp/hard/crt0.o (__libc_init_array)
/home/krzysztof/SimplicityStudio_v5/developer/toolchains/gnu_arm/7.2_2017q4/bin/../lib/gcc/arm-none-eabi/7.2.1/../../../../arm-none-eabi/lib/thumb/v8-m.main/fpv5-sp/hard/libc_nano.a(lib_a-memcpy-stub.o)
                              ./gecko_sdk_3.0.0/util/third_party/freertos/Source/queue.o (memcpy)
/home/krzysztof/SimplicityStudio_v5/developer/toolchains/gnu_arm/7.2_2017q4/bin/../lib/gcc/arm-none-eabi/7.2.1/../../../../arm-none-eabi/lib/thumb/v8-m.main/fpv5-sp/hard/libc_nano.a(lib_a-memset.o)
                              /home/krzysztof/SimplicityStudio_v5/developer/toolchains/gnu_arm/7.2_2017q4/bin/../lib/gcc/arm-none-eabi/7.2.1/../../../../arm-none-eabi/lib/thumb/v8-m.main/fpv5-sp/hard/crt0.o (memset)
/home/krzysztof/SimplicityStudio_v5/developer/toolchains/gnu_arm/7.2_2017q4/bin/../lib/gcc/arm-none-eabi/7.2.1/../../../../arm-none-eabi/lib/thumb/v8-m.main/fpv5-sp/hard/libnosys.a(_exit.o)
                              /home/krzysztof/SimplicityStudio_v5/developer/toolchains/gnu_arm/7.2_2017q4/bin/../lib/gcc/arm-none-eabi/7.2.1/../../../../arm-none-eabi/lib/thumb/v8-m.main/fpv5-sp/hard/libc_nano.a(lib_a-exit.o) (_exit)

Allocating common symbols
Common symbol       size              file

xQueueRegistry      0x50              ./gecko_sdk_3.0.0/util/third_party/freertos/Source/queue.o
cmu_sys_clock_register
                    0x4               ./gecko_sdk_3.0.0/platform/service/power_manager/src/sl_power_manager_hal_s2.o

Discarded input sections

 .text          0x0000000000000000        0x0 /home/krzysztof/SimplicityStudio_v5/developer/toolchains/gnu_arm/7.2_2017q4/bin/../lib/gcc/arm-none-eabi/7.2.1/thumb/v8-m.main/fpv5-sp/hard/crti.o
 .data          0x0000000000000000        0x0 /home/krzysztof/SimplicityStudio_v5/developer/toolchains/gnu_arm/7.2_2017q4/bin/../lib/gcc/arm-none-eabi/7.2.1/thumb/v8-m.main/fpv5-sp/hard/crti.o
 .bss           0x0000000000000000        0x0 /home/krzysztof/SimplicityStudio_v5/developer/toolchains/gnu_arm/7.2_2017q4/bin/../lib/gcc/arm-none-eabi/7.2.1/thumb/v8-m.main/fpv5-sp/hard/crti.o
 .data          0x0000000000000000        0x4 /home/krzysztof/SimplicityStudio_v5/developer/toolchains/gnu_arm/7.2_2017q4/bin/../lib/gcc/arm-none-eabi/7.2.1/thumb/v8-m.main/fpv5-sp/hard/crtbegin.o
[...]
Memory Configuration

Name             Origin             Length             Attributes
FLASH            0x0000000000000000 0x000000000007e000 xr
RAM              0x0000000020000000 0x0000000000008000 xrw
*default*        0x0000000000000000 0xffffffffffffffff

Linker script and memory map

LOAD /home/krzysztof/SimplicityStudio_v5/developer/toolchains/gnu_arm/7.2_2017q4/bin/../lib/gcc/arm-none-eabi/7.2.1/thumb/v8-m.main/fpv5-sp/hard/crti.o
LOAD /home/krzysztof/SimplicityStudio_v5/developer/toolchains/gnu_arm/7.2_2017q4/bin/../lib/gcc/arm-none-eabi/7.2.1/thumb/v8-m.main/fpv5-sp/hard/crtbegin.o
LOAD /home/krzysztof/SimplicityStudio_v5/developer/toolchains/gnu_arm/7.2_2017q4/bin/../lib/gcc/arm-none-eabi/7.2.1/../../../../arm-none-eabi/lib/thumb/v8-m.main/fpv5-sp/hard/crt0.o
START GROUP
LOAD ./app.o
LOAD ./main.o
LOAD ./autogen/sl_device_init_clocks.o
LOAD ./autogen/sl_event_handler.o
LOAD ./autogen/sl_simple_led_instances.o
LOAD ./gecko_sdk_3.0.0/platform/Device/SiliconLabs/EFR32BG22/Source/GCC/startup_efr32bg22.o
LOAD ./gecko_sdk_3.0.0/platform/Device/SiliconLabs/EFR32BG22/Source/system_efr32bg22.o
LOAD ./gecko_sdk_3.0.0/platform/common/src/sl_slist.o
LOAD ./gecko_sdk_3.0.0/platform/common/toolchain/src/sl_memory.o
LOAD ./gecko_sdk_3.0.0/platform/driver/leddrv/src/sl_led.o
LOAD ./gecko_sdk_3.0.0/platform/driver/leddrv/src/sl_simple_led.o
LOAD ./gecko_sdk_3.0.0/platform/emlib/src/em_assert.o
LOAD ./gecko_sdk_3.0.0/platform/emlib/src/em_burtc.o
LOAD ./gecko_sdk_3.0.0/platform/emlib/src/em_cmu.o
LOAD ./gecko_sdk_3.0.0/platform/emlib/src/em_core.o
LOAD ./gecko_sdk_3.0.0/platform/emlib/src/em_emu.o
LOAD ./gecko_sdk_3.0.0/platform/emlib/src/em_gpio.o
LOAD ./gecko_sdk_3.0.0/platform/emlib/src/em_rtcc.o
LOAD ./gecko_sdk_3.0.0/platform/emlib/src/em_system.o
LOAD ./gecko_sdk_3.0.0/platform/emlib/src/em_timer.o
LOAD ./gecko_sdk_3.0.0/platform/service/device_init/src/sl_device_init_dcdc_s2.o
LOAD ./gecko_sdk_3.0.0/platform/service/device_init/src/sl_device_init_emu_s2.o
LOAD ./gecko_sdk_3.0.0/platform/service/power_manager/src/sl_power_manager.o
LOAD ./gecko_sdk_3.0.0/platform/service/power_manager/src/sl_power_manager_debug.o
LOAD ./gecko_sdk_3.0.0/platform/service/power_manager/src/sl_power_manager_hal_s2.o
LOAD ./gecko_sdk_3.0.0/platform/service/sleeptimer/src/sl_sleeptimer.o
LOAD ./gecko_sdk_3.0.0/platform/service/sleeptimer/src/sl_sleeptimer_hal_burtc.o
LOAD ./gecko_sdk_3.0.0/platform/service/sleeptimer/src/sl_sleeptimer_hal_prortc.o
LOAD ./gecko_sdk_3.0.0/platform/service/sleeptimer/src/sl_sleeptimer_hal_rtcc.o
LOAD ./gecko_sdk_3.0.0/platform/service/system/src/sl_system_init.o
LOAD ./gecko_sdk_3.0.0/platform/service/system/src/sl_system_kernel.o
LOAD ./gecko_sdk_3.0.0/util/third_party/freertos/Source/croutine.o
LOAD ./gecko_sdk_3.0.0/util/third_party/freertos/Source/event_groups.o
LOAD ./gecko_sdk_3.0.0/util/third_party/freertos/Source/list.o
LOAD ./gecko_sdk_3.0.0/util/third_party/freertos/Source/queue.o
LOAD ./gecko_sdk_3.0.0/util/third_party/freertos/Source/tasks.o
LOAD ./gecko_sdk_3.0.0/util/third_party/freertos/Source/timers.o
LOAD ./gecko_sdk_3.0.0/util/third_party/freertos/Source/portable/GCC/ARM_CM4F/port.o
LOAD ./gecko_sdk_3.0.0/util/third_party/freertos/Source/portable/MemMang/heap_1.o
LOAD ./gecko_sdk_3.0.0/util/third_party/freertos/Source/portable/SiliconLabs/tick_power_manager.o
LOAD /home/krzysztof/SimplicityStudio_v5/developer/toolchains/gnu_arm/7.2_2017q4/bin/../lib/gcc/arm-none-eabi/7.2.1/thumb/v8-m.main/fpv5-sp/hard/libgcc.a
LOAD /home/krzysztof/SimplicityStudio_v5/developer/toolchains/gnu_arm/7.2_2017q4/bin/../lib/gcc/arm-none-eabi/7.2.1/../../../../arm-none-eabi/lib/thumb/v8-m.main/fpv5-sp/hard/libc_nano.a
LOAD /home/krzysztof/SimplicityStudio_v5/developer/toolchains/gnu_arm/7.2_2017q4/bin/../lib/gcc/arm-none-eabi/7.2.1/../../../../arm-none-eabi/lib/thumb/v8-m.main/fpv5-sp/hard/libm.a
LOAD /home/krzysztof/SimplicityStudio_v5/developer/toolchains/gnu_arm/7.2_2017q4/bin/../lib/gcc/arm-none-eabi/7.2.1/../../../../arm-none-eabi/lib/thumb/v8-m.main/fpv5-sp/hard/libnosys.a
END GROUP
START GROUP
LOAD /home/krzysztof/SimplicityStudio_v5/developer/toolchains/gnu_arm/7.2_2017q4/bin/../lib/gcc/arm-none-eabi/7.2.1/thumb/v8-m.main/fpv5-sp/hard/libgcc.a
LOAD /home/krzysztof/SimplicityStudio_v5/developer/toolchains/gnu_arm/7.2_2017q4/bin/../lib/gcc/arm-none-eabi/7.2.1/../../../../arm-none-eabi/lib/thumb/v8-m.main/fpv5-sp/hard/libc_nano.a
LOAD /home/krzysztof/SimplicityStudio_v5/developer/toolchains/gnu_arm/7.2_2017q4/bin/../lib/gcc/arm-none-eabi/7.2.1/../../../../arm-none-eabi/lib/thumb/v8-m.main/fpv5-sp/hard/libnosys.a
END GROUP
START GROUP
LOAD /home/krzysztof/SimplicityStudio_v5/developer/toolchains/gnu_arm/7.2_2017q4/bin/../lib/gcc/arm-none-eabi/7.2.1/thumb/v8-m.main/fpv5-sp/hard/libgcc.a
LOAD /home/krzysztof/SimplicityStudio_v5/developer/toolchains/gnu_arm/7.2_2017q4/bin/../lib/gcc/arm-none-eabi/7.2.1/../../../../arm-none-eabi/lib/thumb/v8-m.main/fpv5-sp/hard/libg_nano.a
LOAD /home/krzysztof/SimplicityStudio_v5/developer/toolchains/gnu_arm/7.2_2017q4/bin/../lib/gcc/arm-none-eabi/7.2.1/../../../../arm-none-eabi/lib/thumb/v8-m.main/fpv5-sp/hard/libc_nano.a
END GROUP
START GROUP
LOAD /home/krzysztof/SimplicityStudio_v5/developer/toolchains/gnu_arm/7.2_2017q4/bin/../lib/gcc/arm-none-eabi/7.2.1/thumb/v8-m.main/fpv5-sp/hard/libgcc.a
LOAD /home/krzysztof/SimplicityStudio_v5/developer/toolchains/gnu_arm/7.2_2017q4/bin/../lib/gcc/arm-none-eabi/7.2.1/../../../../arm-none-eabi/lib/thumb/v8-m.main/fpv5-sp/hard/libc_nano.a
END GROUP
LOAD /home/krzysztof/SimplicityStudio_v5/developer/toolchains/gnu_arm/7.2_2017q4/bin/../lib/gcc/arm-none-eabi/7.2.1/thumb/v8-m.main/fpv5-sp/hard/crtend.o
LOAD /home/krzysztof/SimplicityStudio_v5/developer/toolchains/gnu_arm/7.2_2017q4/bin/../lib/gcc/arm-none-eabi/7.2.1/thumb/v8-m.main/fpv5-sp/hard/crtn.o

.text           0x0000000000000000     0x47b4
                0x0000000000000000                linker_vectors_begin = .
 *(.vectors)
 .vectors       0x0000000000000000      0x140 ./gecko_sdk_3.0.0/platform/Device/SiliconLabs/EFR32BG22/Source/GCC/startup_efr32bg22.o
                0x0000000000000000                __Vectors
                0x0000000000000140                linker_vectors_end = .
                0x0000000000000140                __Vectors_End = .
                0x0000000000000140                __Vectors_Size = (__Vectors_End - __Vectors)
                0x0000000000000140                linker_code_begin = .
 *(.text*)
 .text          0x0000000000000140       0x40 /home/krzysztof/SimplicityStudio_v5/developer/toolchains/gnu_arm/7.2_2017q4/bin/../lib/gcc/arm-none-eabi/7.2.1/thumb/v8-m.main/fpv5-sp/hard/crtbegin.o
 .text          0x0000000000000180       0x74 /home/krzysztof/SimplicityStudio_v5/developer/toolchains/gnu_arm/7.2_2017q4/bin/../lib/gcc/arm-none-eabi/7.2.1/../../../../arm-none-eabi/lib/thumb/v8-m.main/fpv5-sp/hard/crt0.o
                0x0000000000000180                _mainCRTStartup
                0x0000000000000180                _start
 .text.app_init
                0x00000000000001f4        0x2 ./app.o
                0x00000000000001f4                app_init
 *fill*         0x00000000000001f6        0x2 
 .text.led_blinks1
                0x00000000000001f8       0x24 ./main.o
 .text.led_blinks2
                0x000000000000021c       0xac ./main.o
 .text.startup.main
                0x00000000000002c8       0x5c ./main.o
                0x00000000000002c8                main
 .text.TIMER1_IRQHandler
                0x0000000000000324       0x44 ./main.o
                0x0000000000000324                TIMER1_IRQHandler
 .text.sl_device_init_clocks
                0x0000000000000368       0x32 ./autogen/sl_device_init_clocks.o
                0x0000000000000368                sl_device_init_clocks
 *fill*         0x000000000000039a        0x2 
 .text.sl_platform_init
                0x000000000000039c       0x50 ./autogen/sl_event_handler.o
                0x000000000000039c                sl_platform_init
 .text.sl_kernel_start
                0x00000000000003ec        0x4 ./autogen/sl_event_handler.o
                0x00000000000003ec                sl_kernel_start
 .text.sl_driver_init
                0x00000000000003f0        0x4 ./autogen/sl_event_handler.o
                0x00000000000003f0                sl_driver_init
 .text.sl_service_init
                0x00000000000003f4        0x4 ./autogen/sl_event_handler.o
                0x00000000000003f4                sl_service_init
 .text.sl_stack_init
                0x00000000000003f8        0x2 ./autogen/sl_event_handler.o
                0x00000000000003f8                sl_stack_init
 .text.sl_internal_app_init
                0x00000000000003fa        0x2 ./autogen/sl_event_handler.o
                0x00000000000003fa                sl_internal_app_init
 .text.sl_simple_led_init_instances
                0x00000000000003fc       0x1c ./autogen/sl_simple_led_instances.o
                0x00000000000003fc                sl_simple_led_init_instances
 .text.Default_Handler
                0x0000000000000418        0x2 ./gecko_sdk_3.0.0/platform/Device/SiliconLabs/EFR32BG22/Source/GCC/startup_efr32bg22.o
                0x0000000000000418                ULFRCO_IRQHandler
                0x0000000000000418                SW2_IRQHandler
                0x0000000000000418                TIMER2_IRQHandler
                0x0000000000000418                DebugMon_Handler
                0x0000000000000418                PKE_IRQHandler
                0x0000000000000418                USART0_TX_IRQHandler
                0x0000000000000418                PRORTC_IRQHandler
                0x0000000000000418                IADC_IRQHandler
                0x0000000000000418                I2C0_IRQHandler
                0x0000000000000418                LFXO_IRQHandler
                0x0000000000000418                CRYPTOACC_IRQHandler
                0x0000000000000418                HardFault_Handler
                0x0000000000000418                SMU_SECURE_IRQHandler
                0x0000000000000418                USART1_RX_IRQHandler
                0x0000000000000418                EMUEFP_IRQHandler
                0x0000000000000418                NMI_Handler
                0x0000000000000418                SYNTH_IRQHandler
                0x0000000000000418                HFXO0_IRQHandler
                0x0000000000000418                I2C1_IRQHandler
                0x0000000000000418                PDM_IRQHandler
                0x0000000000000418                WDOG0_IRQHandler
                0x0000000000000418                TIMER3_IRQHandler
                0x0000000000000418                SYSCFG_IRQHandler
                0x0000000000000418                EMUSE_IRQHandler
                0x0000000000000418                EMUDG_IRQHandler
                0x0000000000000418                USART1_TX_IRQHandler
                0x0000000000000418                SMU_PRIVILEGED_IRQHandler
                0x0000000000000418                MSC_IRQHandler
                0x0000000000000418                DPLL0_IRQHandler
                0x0000000000000418                UsageFault_Handler
                0x0000000000000418                M33CTI1_IRQHandler
                0x0000000000000418                TIMER4_IRQHandler
                0x0000000000000418                GPIO_EVEN_IRQHandler
                0x0000000000000418                LDMA_IRQHandler
                0x0000000000000418                SW0_IRQHandler
                0x0000000000000418                TIMER0_IRQHandler
                0x0000000000000418                LETIMER0_IRQHandler
                0x0000000000000418                HFRCO0_IRQHandler
                0x0000000000000418                RFSENSE_IRQHandler
                0x0000000000000418                BUFC_IRQHandler
                0x0000000000000418                DCDC_IRQHandler
                0x0000000000000418                MODEM_IRQHandler
                0x0000000000000418                Default_Handler
                0x0000000000000418                RAC_SEQ_IRQHandler
                0x0000000000000418                FRC_PRI_IRQHandler
                0x0000000000000418                EMU_IRQHandler
                0x0000000000000418                SW3_IRQHandler
                0x0000000000000418                KERNEL0_IRQHandler
                0x0000000000000418                FRC_IRQHandler
                0x0000000000000418                KERNEL1_IRQHandler
                0x0000000000000418                AGC_IRQHandler
                0x0000000000000418                sl_app_properties
                0x0000000000000418                BURTC_IRQHandler
                0x0000000000000418                LFRCO_IRQHandler
                0x0000000000000418                USART0_RX_IRQHandler
                0x0000000000000418                MemManage_Handler
                0x0000000000000418                RDMAILBOX_IRQHandler
                0x0000000000000418                SW1_IRQHandler
                0x0000000000000418                CMU_IRQHandler
                0x0000000000000418                RAC_RSM_IRQHandler
                0x0000000000000418                EUART0_TX_IRQHandler
                0x0000000000000418                EUART0_RX_IRQHandler
                0x0000000000000418                GPIO_ODD_IRQHandler
                0x0000000000000418                AES_IRQHandler
                0x0000000000000418                M33CTI0_IRQHandler
                0x0000000000000418                ICACHE0_IRQHandler
                0x0000000000000418                SMU_NS_PRIVILEGED_IRQHandler
                0x0000000000000418                PROTIMER_IRQHandler
                0x0000000000000418                BusFault_Handler
                0x0000000000000418                TRNG_IRQHandler
 *fill*         0x000000000000041a        0x2 
 .text.Reset_Handler
                0x000000000000041c       0x2c ./gecko_sdk_3.0.0/platform/Device/SiliconLabs/EFR32BG22/Source/GCC/startup_efr32bg22.o
                0x000000000000041c                Reset_Handler
 .text.SystemInit
                0x0000000000000448       0x1c ./gecko_sdk_3.0.0/platform/Device/SiliconLabs/EFR32BG22/Source/system_efr32bg22.o
                0x0000000000000448                SystemInit
 .text.SystemSYSCLKGet
                0x0000000000000464       0x34 ./gecko_sdk_3.0.0/platform/Device/SiliconLabs/EFR32BG22/Source/system_efr32bg22.o
                0x0000000000000464                SystemSYSCLKGet
 .text.SystemHCLKGet
                0x0000000000000498       0x24 ./gecko_sdk_3.0.0/platform/Device/SiliconLabs/EFR32BG22/Source/system_efr32bg22.o
                0x0000000000000498                SystemHCLKGet
 .text.SystemMaxCoreClockGet
                0x00000000000004bc        0x8 ./gecko_sdk_3.0.0/platform/Device/SiliconLabs/EFR32BG22/Source/system_efr32bg22.o
                0x00000000000004bc                SystemMaxCoreClockGet
 .text.SystemHFXOClockGet
                0x00000000000004c4        0xc ./gecko_sdk_3.0.0/platform/Device/SiliconLabs/EFR32BG22/Source/system_efr32bg22.o
                0x00000000000004c4                SystemHFXOClockGet
 .text.SystemHFRCODPLLClockGet
                0x00000000000004d0        0xc ./gecko_sdk_3.0.0/platform/Device/SiliconLabs/EFR32BG22/Source/system_efr32bg22.o
                0x00000000000004d0                SystemHFRCODPLLClockGet
 .text.SystemCLKIN0Get
                0x00000000000004dc        0x4 ./gecko_sdk_3.0.0/platform/Device/SiliconLabs/EFR32BG22/Source/system_efr32bg22.o
                0x00000000000004dc                SystemCLKIN0Get
 .text.SystemFSRCOClockGet
                0x00000000000004e0        0x8 ./gecko_sdk_3.0.0/platform/Device/SiliconLabs/EFR32BG22/Source/system_efr32bg22.o
                0x00000000000004e0                SystemFSRCOClockGet
 .text.SystemLFRCOClockGet
                0x00000000000004e8        0x6 ./gecko_sdk_3.0.0/platform/Device/SiliconLabs/EFR32BG22/Source/system_efr32bg22.o
                0x00000000000004e8                SystemLFRCOClockGet
 .text.SystemULFRCOClockGet
                0x00000000000004ee        0x6 ./gecko_sdk_3.0.0/platform/Device/SiliconLabs/EFR32BG22/Source/system_efr32bg22.o
                0x00000000000004ee                SystemULFRCOClockGet
 .text.SystemLFXOClockGet
                0x00000000000004f4        0xc ./gecko_sdk_3.0.0/platform/Device/SiliconLabs/EFR32BG22/Source/system_efr32bg22.o
                0x00000000000004f4                SystemLFXOClockGet
 .text.sl_slist_init
                0x0000000000000500        0x6 ./gecko_sdk_3.0.0/platform/common/src/sl_slist.o
                0x0000000000000500                sl_slist_init
 .text.sl_led_init
                0x0000000000000506        0x6 ./gecko_sdk_3.0.0/platform/driver/leddrv/src/sl_led.o
                0x0000000000000506                sl_led_init
 .text.sl_led_turn_on
                0x000000000000050c        0x6 ./gecko_sdk_3.0.0/platform/driver/leddrv/src/sl_led.o
                0x000000000000050c                sl_led_turn_on
 .text.sl_led_turn_off
                0x0000000000000512        0x6 ./gecko_sdk_3.0.0/platform/driver/leddrv/src/sl_led.o
                0x0000000000000512                sl_led_turn_off
 .text.sl_led_toggle
                0x0000000000000518        0x6 ./gecko_sdk_3.0.0/platform/driver/leddrv/src/sl_led.o
                0x0000000000000518                sl_led_toggle
 *fill*         0x000000000000051e        0x2 
 .text.GPIO_PinOutClear
                0x0000000000000520       0x54 ./gecko_sdk_3.0.0/platform/driver/leddrv/src/sl_simple_led.o
 .text.GPIO_PinOutSet
                0x0000000000000574       0x54 ./gecko_sdk_3.0.0/platform/driver/leddrv/src/sl_simple_led.o
 .text.sl_simple_led_init
                0x00000000000005c8       0x22 ./gecko_sdk_3.0.0/platform/driver/leddrv/src/sl_simple_led.o
                0x00000000000005c8                sl_simple_led_init
 .text.sl_simple_led_turn_on
                0x00000000000005ea       0x12 ./gecko_sdk_3.0.0/platform/driver/leddrv/src/sl_simple_led.o
                0x00000000000005ea                sl_simple_led_turn_on
 .text.sl_simple_led_turn_off
                0x00000000000005fc       0x12 ./gecko_sdk_3.0.0/platform/driver/leddrv/src/sl_simple_led.o
                0x00000000000005fc                sl_simple_led_turn_off
 *fill*         0x000000000000060e        0x2 
 .text.sl_simple_led_toggle
                0x0000000000000610       0x54 ./gecko_sdk_3.0.0/platform/driver/leddrv/src/sl_simple_led.o
                0x0000000000000610                sl_simple_led_toggle
 .text.sl_simple_led_get_state
                0x0000000000000664       0x58 ./gecko_sdk_3.0.0/platform/driver/leddrv/src/sl_simple_led.o
                0x0000000000000664                sl_simple_led_get_state
 .text.assertEFM
                0x00000000000006bc        0x2 ./gecko_sdk_3.0.0/platform/emlib/src/em_assert.o
                0x00000000000006bc                assertEFM
 *fill*         0x00000000000006be        0x2 
 .text.EMU_VScaleGet
                0x00000000000006c0       0x1c ./gecko_sdk_3.0.0/platform/emlib/src/em_cmu.o
 .text.em01GrpaClkGet
                0x00000000000006dc       0x54 ./gecko_sdk_3.0.0/platform/emlib/src/em_cmu.o
 .text.iadcClkGet
                0x0000000000000730       0x54 ./gecko_sdk_3.0.0/platform/emlib/src/em_cmu.o
 .text.em01GrpbClkGet
                0x0000000000000784       0x70 ./gecko_sdk_3.0.0/platform/emlib/src/em_cmu.o
 .text.em23GrpaClkGet
                0x00000000000007f4       0x54 ./gecko_sdk_3.0.0/platform/emlib/src/em_cmu.o
 .text.wdog0ClkGet
                0x0000000000000848       0x60 ./gecko_sdk_3.0.0/platform/emlib/src/em_cmu.o
 .text.rtccClkGet
                0x00000000000008a8       0x54 ./gecko_sdk_3.0.0/platform/emlib/src/em_cmu.o
 .text.em4GrpaClkGet
                0x00000000000008fc       0x54 ./gecko_sdk_3.0.0/platform/emlib/src/em_cmu.o
 .text.euart0ClkGet
                0x0000000000000950       0x48 ./gecko_sdk_3.0.0/platform/emlib/src/em_cmu.o
 .text.CMU_ClockEnable
                0x0000000000000998       0x54 ./gecko_sdk_3.0.0/platform/emlib/src/em_cmu.o
                0x0000000000000998                CMU_ClockEnable
 .text.CMU_ClockDivGet
                0x00000000000009ec       0x88 ./gecko_sdk_3.0.0/platform/emlib/src/em_cmu.o
                0x00000000000009ec                CMU_ClockDivGet
 .text.CMU_ClockFreqGet
                0x0000000000000a74      0x190 ./gecko_sdk_3.0.0/platform/emlib/src/em_cmu.o
                0x0000000000000a74                CMU_ClockFreqGet
 .text.rhclkPrescOptimize
                0x0000000000000c04       0x24 ./gecko_sdk_3.0.0/platform/emlib/src/em_cmu.o
 .text.flashWaitStateControl
                0x0000000000000c28       0x54 ./gecko_sdk_3.0.0/platform/emlib/src/em_cmu.o
 .text.waitStateMax
                0x0000000000000c7c       0x10 ./gecko_sdk_3.0.0/platform/emlib/src/em_cmu.o
 .text.CMU_ClockSelectGet
                0x0000000000000c8c      0x154 ./gecko_sdk_3.0.0/platform/emlib/src/em_cmu.o
                0x0000000000000c8c                CMU_ClockSelectGet
 .text.CMU_UpdateWaitStates
                0x0000000000000de0        0xc ./gecko_sdk_3.0.0/platform/emlib/src/em_cmu.o
                0x0000000000000de0                CMU_UpdateWaitStates
 .text.CMU_ClockDivSet
                0x0000000000000dec      0x100 ./gecko_sdk_3.0.0/platform/emlib/src/em_cmu.o
                0x0000000000000dec                CMU_ClockDivSet
 .text.pclkDivMax
                0x0000000000000eec        0xa ./gecko_sdk_3.0.0/platform/emlib/src/em_cmu.o
 *fill*         0x0000000000000ef6        0x2 
 .text.pclkDivOptimize
                0x0000000000000ef8       0x24 ./gecko_sdk_3.0.0/platform/emlib/src/em_cmu.o
 .text.CMU_ClockSelectSet
                0x0000000000000f1c      0x364 ./gecko_sdk_3.0.0/platform/emlib/src/em_cmu.o
                0x0000000000000f1c                CMU_ClockSelectSet
 .text.CORE_EnterCritical
                0x0000000000001280        0x8 ./gecko_sdk_3.0.0/platform/emlib/src/em_core.o
                0x0000000000001280                CORE_EnterCritical
 .text.CORE_ExitCritical
                0x0000000000001288        0x6 ./gecko_sdk_3.0.0/platform/emlib/src/em_core.o
                0x0000000000001288                CORE_ExitCritical
 .text.CORE_EnterAtomic
                0x000000000000128e        0x8 ./gecko_sdk_3.0.0/platform/emlib/src/em_core.o
                0x000000000000128e                CORE_EnterAtomic
 .text.CORE_ExitAtomic
                0x0000000000001296        0x4 ./gecko_sdk_3.0.0/platform/emlib/src/em_core.o
                0x0000000000001296                CORE_ExitAtomic
 *fill*         0x000000000000129a        0x2 
 .text.dpllState
                0x000000000000129c       0x9c ./gecko_sdk_3.0.0/platform/emlib/src/em_emu.o
 .text.EMU_EnterEM2
                0x0000000000001338       0x44 ./gecko_sdk_3.0.0/platform/emlib/src/em_emu.o
                0x0000000000001338                EMU_EnterEM2
 .text.EMU_EnterEM3
                0x000000000000137c        0x4 ./gecko_sdk_3.0.0/platform/emlib/src/em_emu.o
                0x000000000000137c                EMU_EnterEM3
 .text.EMU_Save
                0x0000000000001380        0x6 ./gecko_sdk_3.0.0/platform/emlib/src/em_emu.o
                0x0000000000001380                EMU_Save
 .text.EMU_Restore
                0x0000000000001386        0x6 ./gecko_sdk_3.0.0/platform/emlib/src/em_emu.o
                0x0000000000001386                EMU_Restore
 .text.EMU_VScaleEM01
                0x000000000000138c       0xac ./gecko_sdk_3.0.0/platform/emlib/src/em_emu.o
                0x000000000000138c                EMU_VScaleEM01
 .text.EMU_VScaleEM01ByClock
                0x0000000000001438       0x30 ./gecko_sdk_3.0.0/platform/emlib/src/em_emu.o
                0x0000000000001438                EMU_VScaleEM01ByClock
 .text.EMU_EM01Init
                0x0000000000001468       0x14 ./gecko_sdk_3.0.0/platform/emlib/src/em_emu.o
                0x0000000000001468                EMU_EM01Init
 .text.EMU_EM23Init
                0x000000000000147c       0x14 ./gecko_sdk_3.0.0/platform/emlib/src/em_emu.o
                0x000000000000147c                EMU_EM23Init
 .text.EMU_EM4Init
                0x0000000000001490       0x12 ./gecko_sdk_3.0.0/platform/emlib/src/em_emu.o
                0x0000000000001490                EMU_EM4Init
 *fill*         0x00000000000014a2        0x2 
 .text.EMU_DCDCModeSet
                0x00000000000014a4       0x70 ./gecko_sdk_3.0.0/platform/emlib/src/em_emu.o
                0x00000000000014a4                EMU_DCDCModeSet
 .text.EMU_DCDCInit
                0x0000000000001514       0x7c ./gecko_sdk_3.0.0/platform/emlib/src/em_emu.o
                0x0000000000001514                EMU_DCDCInit
 .text.GPIO_PinOutSet
                0x0000000000001590       0x54 ./gecko_sdk_3.0.0/platform/emlib/src/em_gpio.o
 .text.GPIO_PinOutClear
                0x00000000000015e4       0x54 ./gecko_sdk_3.0.0/platform/emlib/src/em_gpio.o
 .text.GPIO_PinModeSet
                0x0000000000001638       0xac ./gecko_sdk_3.0.0/platform/emlib/src/em_gpio.o
                0x0000000000001638                GPIO_PinModeSet
 .text.RTCC_SyncWait
                0x00000000000016e4       0x10 ./gecko_sdk_3.0.0/platform/emlib/src/em_rtcc.o
 .text.RTCC_ChannelInit
                0x00000000000016f4       0x48 ./gecko_sdk_3.0.0/platform/emlib/src/em_rtcc.o
                0x00000000000016f4                RTCC_ChannelInit
 .text.RTCC_Enable
                0x000000000000173c       0x44 ./gecko_sdk_3.0.0/platform/emlib/src/em_rtcc.o
                0x000000000000173c                RTCC_Enable
 .text.RTCC_Init
                0x0000000000001780       0x5c ./gecko_sdk_3.0.0/platform/emlib/src/em_rtcc.o
                0x0000000000001780                RTCC_Init
 .text.TIMER_Valid
                0x00000000000017dc       0x34 ./gecko_sdk_3.0.0/platform/emlib/src/em_timer.o
 .text.TIMER_SyncWait
                0x0000000000001810        0xe ./gecko_sdk_3.0.0/platform/emlib/src/em_timer.o
                0x0000000000001810                TIMER_SyncWait
 *fill*         0x000000000000181e        0x2 
 .text.TIMER_Init
                0x0000000000001820       0xb0 ./gecko_sdk_3.0.0/platform/emlib/src/em_timer.o
                0x0000000000001820                TIMER_Init
 .text.sl_device_init_dcdc
                0x00000000000018d0       0x20 ./gecko_sdk_3.0.0/platform/service/device_init/src/sl_device_init_dcdc_s2.o
                0x00000000000018d0                sl_device_init_dcdc
 .text.sl_device_init_emu
                0x00000000000018f0       0x22 ./gecko_sdk_3.0.0/platform/service/device_init/src/sl_device_init_emu_s2.o
                0x00000000000018f0                sl_device_init_emu
 *fill*         0x0000000000001912        0x2 
 .text.get_lowest_em
                0x0000000000001914       0x14 ./gecko_sdk_3.0.0/platform/service/power_manager/src/sl_power_manager.o
 .text.power_manager_notify_em_transition
                0x0000000000001928       0x80 ./gecko_sdk_3.0.0/platform/service/power_manager/src/sl_power_manager.o
 .text.on_clock_wakeup_timeout
                0x00000000000019a8       0x3c ./gecko_sdk_3.0.0/platform/service/power_manager/src/sl_power_manager.o
 .text.sl_power_manager_init
                0x00000000000019e4       0x60 ./gecko_sdk_3.0.0/platform/service/power_manager/src/sl_power_manager.o
                0x00000000000019e4                sl_power_manager_init
 .text.sli_power_manager_update_em_requirement
                0x0000000000001a44       0xa4 ./gecko_sdk_3.0.0/platform/service/power_manager/src/sl_power_manager.o
                0x0000000000001a44                sli_power_manager_update_em_requirement
 .text.evaluate_wakeup
                0x0000000000001ae8       0xa8 ./gecko_sdk_3.0.0/platform/service/power_manager/src/sl_power_manager.o
 .text.sli_power_manager_convert_delay_us_to_tick
                0x0000000000001b90       0x20 ./gecko_sdk_3.0.0/platform/service/power_manager/src/sl_power_manager.o
                0x0000000000001b90                sli_power_manager_convert_delay_us_to_tick
 .text.sl_power_manager_sleep
                0x0000000000001bb0       0xf0 ./gecko_sdk_3.0.0/platform/service/power_manager/src/sl_power_manager.o
                0x0000000000001bb0                sl_power_manager_sleep
 .text.sli_power_manager_init_hardware
                0x0000000000001ca0      0x168 ./gecko_sdk_3.0.0/platform/service/power_manager/src/sl_power_manager_hal_s2.o
                0x0000000000001ca0                sli_power_manager_init_hardware
 .text.sli_power_manager_save_states
                0x0000000000001e08        0x4 ./gecko_sdk_3.0.0/platform/service/power_manager/src/sl_power_manager_hal_s2.o
                0x0000000000001e08                sli_power_manager_save_states
 .text.EMU_EM23PresleepHook
                0x0000000000001e0c       0x24 ./gecko_sdk_3.0.0/platform/service/power_manager/src/sl_power_manager_hal_s2.o
                0x0000000000001e0c                EMU_EM23PresleepHook
 .text.EMU_EM23PostsleepHook
                0x0000000000001e30       0x58 ./gecko_sdk_3.0.0/platform/service/power_manager/src/sl_power_manager_hal_s2.o
                0x0000000000001e30                EMU_EM23PostsleepHook
 .text.sli_power_manager_handle_pre_deepsleep_operations
                0x0000000000001e88        0xc ./gecko_sdk_3.0.0/platform/service/power_manager/src/sl_power_manager_hal_s2.o
                0x0000000000001e88                sli_power_manager_handle_pre_deepsleep_operations
 .text.sli_power_manager_restore_high_freq_accuracy_clk
                0x0000000000001e94       0xa4 ./gecko_sdk_3.0.0/platform/service/power_manager/src/sl_power_manager_hal_s2.o
                0x0000000000001e94                sli_power_manager_restore_high_freq_accuracy_clk
 .text.sli_power_manager_restore_states
                0x0000000000001f38       0x20 ./gecko_sdk_3.0.0/platform/service/power_manager/src/sl_power_manager_hal_s2.o
                0x0000000000001f38                sli_power_manager_restore_states
 .text.sli_power_manager_apply_em
                0x0000000000001f58       0x38 ./gecko_sdk_3.0.0/platform/service/power_manager/src/sl_power_manager_hal_s2.o
                0x0000000000001f58                sli_power_manager_apply_em
 .text.sli_power_manager_get_default_high_frequency_minimum_offtime
                0x0000000000001f90        0x8 ./gecko_sdk_3.0.0/platform/service/power_manager/src/sl_power_manager_hal_s2.o
                0x0000000000001f90                sli_power_manager_get_default_high_frequency_minimum_offtime
 .text.sli_power_manager_get_wakeup_process_time_overhead
                0x0000000000001f98       0x1c ./gecko_sdk_3.0.0/platform/service/power_manager/src/sl_power_manager_hal_s2.o
                0x0000000000001f98                sli_power_manager_get_wakeup_process_time_overhead
 .text.delta_list_insert_timer
                0x0000000000001fb4       0x48 ./gecko_sdk_3.0.0/platform/service/sleeptimer/src/sl_sleeptimer.o
 .text.update_first_timer_delta
                0x0000000000001ffc       0x34 ./gecko_sdk_3.0.0/platform/service/sleeptimer/src/sl_sleeptimer.o
 .text.set_comparator_for_next_timer
                0x0000000000002030       0x4c ./gecko_sdk_3.0.0/platform/service/sleeptimer/src/sl_sleeptimer.o
 .text.create_timer
                0x000000000000207c       0x5c ./gecko_sdk_3.0.0/platform/service/sleeptimer/src/sl_sleeptimer.o
 .text.delta_list_remove_timer
                0x00000000000020d8       0x38 ./gecko_sdk_3.0.0/platform/service/sleeptimer/src/sl_sleeptimer.o
 .text.sl_sleeptimer_init
                0x0000000000002110       0x70 ./gecko_sdk_3.0.0/platform/service/sleeptimer/src/sl_sleeptimer.o
                0x0000000000002110                sl_sleeptimer_init
 .text.sl_sleeptimer_stop_timer
                0x0000000000002180       0x50 ./gecko_sdk_3.0.0/platform/service/sleeptimer/src/sl_sleeptimer.o
                0x0000000000002180                sl_sleeptimer_stop_timer
 .text.sl_sleeptimer_restart_timer
                0x00000000000021d0       0x34 ./gecko_sdk_3.0.0/platform/service/sleeptimer/src/sl_sleeptimer.o
                0x00000000000021d0                sl_sleeptimer_restart_timer
 .text.sl_sleeptimer_is_timer_running
                0x0000000000002204       0x38 ./gecko_sdk_3.0.0/platform/service/sleeptimer/src/sl_sleeptimer.o
                0x0000000000002204                sl_sleeptimer_is_timer_running
 .text.sl_sleeptimer_start_timer
                0x000000000000223c       0x46 ./gecko_sdk_3.0.0/platform/service/sleeptimer/src/sl_sleeptimer.o
                0x000000000000223c                sl_sleeptimer_start_timer
 *fill*         0x0000000000002282        0x2 
 .text.sl_sleeptimer_get_remaining_time_of_first_timer
                0x0000000000002284       0x5c ./gecko_sdk_3.0.0/platform/service/sleeptimer/src/sl_sleeptimer.o
                0x0000000000002284                sl_sleeptimer_get_remaining_time_of_first_timer
 .text.sli_sleeptimer_is_power_manager_timer_next_to_expire
                0x00000000000022e0        0xc ./gecko_sdk_3.0.0/platform/service/sleeptimer/src/sl_sleeptimer.o
                0x00000000000022e0                sli_sleeptimer_is_power_manager_timer_next_to_expire
 .text.sl_sleeptimer_get_tick_count
                0x00000000000022ec       0x18 ./gecko_sdk_3.0.0/platform/service/sleeptimer/src/sl_sleeptimer.o
                0x00000000000022ec                sl_sleeptimer_get_tick_count
 .text.sl_sleeptimer_get_timer_frequency
                0x0000000000002304        0xc ./gecko_sdk_3.0.0/platform/service/sleeptimer/src/sl_sleeptimer.o
                0x0000000000002304                sl_sleeptimer_get_timer_frequency
 .text.process_timer_irq
                0x0000000000002310      0x118 ./gecko_sdk_3.0.0/platform/service/sleeptimer/src/sl_sleeptimer.o
                0x0000000000002310                process_timer_irq
 .text.CMU_PrescToLog2.constprop.1
                0x0000000000002428        0x4 ./gecko_sdk_3.0.0/platform/service/sleeptimer/src/sl_sleeptimer_hal_rtcc.o
 .text.sleeptimer_hal_init_timer
                0x000000000000242c       0x88 ./gecko_sdk_3.0.0/platform/service/sleeptimer/src/sl_sleeptimer_hal_rtcc.o
                0x000000000000242c                sleeptimer_hal_init_timer
 .text.sleeptimer_hal_get_counter
                0x00000000000024b4        0xe ./gecko_sdk_3.0.0/platform/service/sleeptimer/src/sl_sleeptimer_hal_rtcc.o
                0x00000000000024b4                sleeptimer_hal_get_counter
 .text.sleeptimer_hal_get_compare
                0x00000000000024c2        0x8 ./gecko_sdk_3.0.0/platform/service/sleeptimer/src/sl_sleeptimer_hal_rtcc.o
                0x00000000000024c2                sleeptimer_hal_get_compare
 *fill*         0x00000000000024ca        0x2 
 .text.sleeptimer_hal_set_compare
                0x00000000000024cc       0x60 ./gecko_sdk_3.0.0/platform/service/sleeptimer/src/sl_sleeptimer_hal_rtcc.o
                0x00000000000024cc                sleeptimer_hal_set_compare
 .text.sleeptimer_hal_enable_int
                0x000000000000252c       0x18 ./gecko_sdk_3.0.0/platform/service/sleeptimer/src/sl_sleeptimer_hal_rtcc.o
                0x000000000000252c                sleeptimer_hal_enable_int
 .text.sleeptimer_hal_disable_int
                0x0000000000002544       0x30 ./gecko_sdk_3.0.0/platform/service/sleeptimer/src/sl_sleeptimer_hal_rtcc.o
                0x0000000000002544                sleeptimer_hal_disable_int
 .text.sli_sleeptimer_hal_is_int_status_set
                0x0000000000002574       0x1e ./gecko_sdk_3.0.0/platform/service/sleeptimer/src/sl_sleeptimer_hal_rtcc.o
                0x0000000000002574                sli_sleeptimer_hal_is_int_status_set
 *fill*         0x0000000000002592        0x2 
 .text.RTCC_IRQHandler
                0x0000000000002594       0x34 ./gecko_sdk_3.0.0/platform/service/sleeptimer/src/sl_sleeptimer_hal_rtcc.o
                0x0000000000002594                RTCC_IRQHandler
 .text.sleeptimer_hal_get_timer_frequency
                0x00000000000025c8       0x14 ./gecko_sdk_3.0.0/platform/service/sleeptimer/src/sl_sleeptimer_hal_rtcc.o
                0x00000000000025c8                sleeptimer_hal_get_timer_frequency
 .text.sl_system_init
                0x00000000000025dc       0x1a ./gecko_sdk_3.0.0/platform/service/system/src/sl_system_init.o
                0x00000000000025dc                sl_system_init
 .text.sl_system_kernel_start
                0x00000000000025f6        0x4 ./gecko_sdk_3.0.0/platform/service/system/src/sl_system_kernel.o
                0x00000000000025f6                sl_system_kernel_start
 .text.vListInitialise
                0x00000000000025fa       0x16 ./gecko_sdk_3.0.0/util/third_party/freertos/Source/list.o
                0x00000000000025fa                vListInitialise
 .text.vListInitialiseItem
                0x0000000000002610        0x6 ./gecko_sdk_3.0.0/util/third_party/freertos/Source/list.o
                0x0000000000002610                vListInitialiseItem
 .text.vListInsertEnd
                0x0000000000002616       0x18 ./gecko_sdk_3.0.0/util/third_party/freertos/Source/list.o
                0x0000000000002616                vListInsertEnd
 .text.vListInsert
                0x000000000000262e       0x2e ./gecko_sdk_3.0.0/util/third_party/freertos/Source/list.o
                0x000000000000262e                vListInsert
 .text.uxListRemove
                0x000000000000265c       0x20 ./gecko_sdk_3.0.0/util/third_party/freertos/Source/list.o
                0x000000000000265c                uxListRemove
 .text.prvCopyDataToQueue
                0x000000000000267c       0x66 ./gecko_sdk_3.0.0/util/third_party/freertos/Source/queue.o
 .text.prvCopyDataFromQueue
                0x00000000000026e2       0x2c ./gecko_sdk_3.0.0/util/third_party/freertos/Source/queue.o
 .text.prvUnlockQueue
                0x000000000000270e       0x70 ./gecko_sdk_3.0.0/util/third_party/freertos/Source/queue.o
 *fill*         0x000000000000277e        0x2 
 .text.xQueueGenericReset
                0x0000000000002780       0x7c ./gecko_sdk_3.0.0/util/third_party/freertos/Source/queue.o
                0x0000000000002780                xQueueGenericReset
 .text.xQueueGenericCreate
                0x00000000000027fc       0x40 ./gecko_sdk_3.0.0/util/third_party/freertos/Source/queue.o
                0x00000000000027fc                xQueueGenericCreate
 .text.xQueueGenericSend
                0x000000000000283c      0x148 ./gecko_sdk_3.0.0/util/third_party/freertos/Source/queue.o
                0x000000000000283c                xQueueGenericSend
 .text.xQueueGenericSendFromISR
                0x0000000000002984       0xb4 ./gecko_sdk_3.0.0/util/third_party/freertos/Source/queue.o
                0x0000000000002984                xQueueGenericSendFromISR
 .text.xQueueGenericReceive
                0x0000000000002a38      0x164 ./gecko_sdk_3.0.0/util/third_party/freertos/Source/queue.o
                0x0000000000002a38                xQueueGenericReceive
 .text.vQueueAddToRegistry
                0x0000000000002b9c       0x24 ./gecko_sdk_3.0.0/util/third_party/freertos/Source/queue.o
                0x0000000000002b9c                vQueueAddToRegistry
 .text.vQueueWaitForMessageRestricted
                0x0000000000002bc0       0x46 ./gecko_sdk_3.0.0/util/third_party/freertos/Source/queue.o
                0x0000000000002bc0                vQueueWaitForMessageRestricted
 *fill*         0x0000000000002c06        0x2 
 .text.prvGetExpectedIdleTime
                0x0000000000002c08       0x3c ./gecko_sdk_3.0.0/util/third_party/freertos/Source/tasks.o
 .text.prvResetNextTaskUnblockTime
                0x0000000000002c44       0x24 ./gecko_sdk_3.0.0/util/third_party/freertos/Source/tasks.o
 .text.prvAddCurrentTaskToDelayedList
                0x0000000000002c68       0x8c ./gecko_sdk_3.0.0/util/third_party/freertos/Source/tasks.o
 .text.xTaskCreate
                0x0000000000002cf4      0x1a0 ./gecko_sdk_3.0.0/util/third_party/freertos/Source/tasks.o
                0x0000000000002cf4                xTaskCreate
 .text.vTaskStartScheduler
                0x0000000000002e94       0x80 ./gecko_sdk_3.0.0/util/third_party/freertos/Source/tasks.o
                0x0000000000002e94                vTaskStartScheduler
 .text.vTaskSuspendAll
                0x0000000000002f14       0x10 ./gecko_sdk_3.0.0/util/third_party/freertos/Source/tasks.o
                0x0000000000002f14                vTaskSuspendAll
 .text.xTaskGetTickCount
                0x0000000000002f24        0xc ./gecko_sdk_3.0.0/util/third_party/freertos/Source/tasks.o
                0x0000000000002f24                xTaskGetTickCount
 .text.vTaskStepTick
                0x0000000000002f30       0x30 ./gecko_sdk_3.0.0/util/third_party/freertos/Source/tasks.o
                0x0000000000002f30                vTaskStepTick
 .text.xTaskIncrementTick
                0x0000000000002f60      0x120 ./gecko_sdk_3.0.0/util/third_party/freertos/Source/tasks.o
                0x0000000000002f60                xTaskIncrementTick
 .text.xTaskResumeAll
                0x0000000000003080       0xe8 ./gecko_sdk_3.0.0/util/third_party/freertos/Source/tasks.o
                0x0000000000003080                xTaskResumeAll
 .text.vTaskDelay
                0x0000000000003168       0x4c ./gecko_sdk_3.0.0/util/third_party/freertos/Source/tasks.o
                0x0000000000003168                vTaskDelay
 .text.prvIdleTask
                0x00000000000031b4       0x94 ./gecko_sdk_3.0.0/util/third_party/freertos/Source/tasks.o
 .text.vTaskSwitchContext
                0x0000000000003248       0x74 ./gecko_sdk_3.0.0/util/third_party/freertos/Source/tasks.o
                0x0000000000003248                vTaskSwitchContext
 .text.vTaskPlaceOnEventList
                0x00000000000032bc       0x34 ./gecko_sdk_3.0.0/util/third_party/freertos/Source/tasks.o
                0x00000000000032bc                vTaskPlaceOnEventList
 .text.vTaskPlaceOnEventListRestricted
                0x00000000000032f0       0x40 ./gecko_sdk_3.0.0/util/third_party/freertos/Source/tasks.o
                0x00000000000032f0                vTaskPlaceOnEventListRestricted
 .text.xTaskRemoveFromEventList
                0x0000000000003330       0x84 ./gecko_sdk_3.0.0/util/third_party/freertos/Source/tasks.o
                0x0000000000003330                xTaskRemoveFromEventList
 .text.vTaskSetTimeOutState
                0x00000000000033b4       0x2c ./gecko_sdk_3.0.0/util/third_party/freertos/Source/tasks.o
                0x00000000000033b4                vTaskSetTimeOutState
 .text.xTaskCheckForTimeOut
                0x00000000000033e0       0x68 ./gecko_sdk_3.0.0/util/third_party/freertos/Source/tasks.o
                0x00000000000033e0                xTaskCheckForTimeOut
 .text.vTaskMissedYield
                0x0000000000003448        0xc ./gecko_sdk_3.0.0/util/third_party/freertos/Source/tasks.o
                0x0000000000003448                vTaskMissedYield
 .text.eTaskConfirmSleepModeStatus
                0x0000000000003454       0x34 ./gecko_sdk_3.0.0/util/third_party/freertos/Source/tasks.o
                0x0000000000003454                eTaskConfirmSleepModeStatus
 .text.xTaskGetSchedulerState
                0x0000000000003488       0x20 ./gecko_sdk_3.0.0/util/third_party/freertos/Source/tasks.o
                0x0000000000003488                xTaskGetSchedulerState
 .text.vTaskPriorityInherit
                0x00000000000034a8       0x94 ./gecko_sdk_3.0.0/util/third_party/freertos/Source/tasks.o
                0x00000000000034a8                vTaskPriorityInherit
 .text.xTaskPriorityDisinherit
                0x000000000000353c       0x98 ./gecko_sdk_3.0.0/util/third_party/freertos/Source/tasks.o
                0x000000000000353c                xTaskPriorityDisinherit
 .text.pvTaskIncrementMutexHeldCount
                0x00000000000035d4       0x18 ./gecko_sdk_3.0.0/util/third_party/freertos/Source/tasks.o
                0x00000000000035d4                pvTaskIncrementMutexHeldCount
 .text.ulTaskNotifyTake
                0x00000000000035ec       0x64 ./gecko_sdk_3.0.0/util/third_party/freertos/Source/tasks.o
                0x00000000000035ec                ulTaskNotifyTake
 .text.vTaskNotifyGiveFromISR
                0x0000000000003650       0xbc ./gecko_sdk_3.0.0/util/third_party/freertos/Source/tasks.o
                0x0000000000003650                vTaskNotifyGiveFromISR
 .text.prvCheckForValidListAndQueue
                0x000000000000370c       0x58 ./gecko_sdk_3.0.0/util/third_party/freertos/Source/timers.o
 .text.prvInsertTimerInActiveList
                0x0000000000003764       0x3c ./gecko_sdk_3.0.0/util/third_party/freertos/Source/timers.o
 .text.xTimerCreateTimerTask
                0x00000000000037a0       0x4c ./gecko_sdk_3.0.0/util/third_party/freertos/Source/timers.o
                0x00000000000037a0                xTimerCreateTimerTask
 .text.xTimerGenericCommand
                0x00000000000037ec       0x58 ./gecko_sdk_3.0.0/util/third_party/freertos/Source/timers.o
                0x00000000000037ec                xTimerGenericCommand
 .text.prvSwitchTimerLists
                0x0000000000003844       0x7c ./gecko_sdk_3.0.0/util/third_party/freertos/Source/timers.o
 .text.prvTimerTask
                0x00000000000038c0      0x1a4 ./gecko_sdk_3.0.0/util/third_party/freertos/Source/timers.o
 .text.prvPortStartFirstTask
                0x0000000000003a64       0x20 ./gecko_sdk_3.0.0/util/third_party/freertos/Source/portable/GCC/ARM_CM4F/port.o
 .text.vPortEnableVFP
                0x0000000000003a84       0x14 ./gecko_sdk_3.0.0/util/third_party/freertos/Source/portable/GCC/ARM_CM4F/port.o
 .text.prvTaskExitError
                0x0000000000003a98       0x30 ./gecko_sdk_3.0.0/util/third_party/freertos/Source/portable/GCC/ARM_CM4F/port.o
 .text.pxPortInitialiseStack
                0x0000000000003ac8       0x2c ./gecko_sdk_3.0.0/util/third_party/freertos/Source/portable/GCC/ARM_CM4F/port.o
                0x0000000000003ac8                pxPortInitialiseStack
 *fill*         0x0000000000003af4        0xc 
 .text.SVC_Handler
                0x0000000000003b00       0x24 ./gecko_sdk_3.0.0/util/third_party/freertos/Source/portable/GCC/ARM_CM4F/port.o
                0x0000000000003b00                SVC_Handler
 .text.vPortEnterCritical
                0x0000000000003b24       0x40 ./gecko_sdk_3.0.0/util/third_party/freertos/Source/portable/GCC/ARM_CM4F/port.o
                0x0000000000003b24                vPortEnterCritical
 .text.vPortExitCritical
                0x0000000000003b64       0x28 ./gecko_sdk_3.0.0/util/third_party/freertos/Source/portable/GCC/ARM_CM4F/port.o
                0x0000000000003b64                vPortExitCritical
 *fill*         0x0000000000003b8c        0x4 
 .text.PendSV_Handler
                0x0000000000003b90       0x64 ./gecko_sdk_3.0.0/util/third_party/freertos/Source/portable/GCC/ARM_CM4F/port.o
                0x0000000000003b90                PendSV_Handler
 .text.SysTick_Handler
                0x0000000000003bf4       0x2c ./gecko_sdk_3.0.0/util/third_party/freertos/Source/portable/GCC/ARM_CM4F/port.o
                0x0000000000003bf4                SysTick_Handler
 .text.xPortStartScheduler
                0x0000000000003c20       0xdc ./gecko_sdk_3.0.0/util/third_party/freertos/Source/portable/GCC/ARM_CM4F/port.o
                0x0000000000003c20                xPortStartScheduler
 .text.vPortValidateInterruptPriority
                0x0000000000003cfc       0x54 ./gecko_sdk_3.0.0/util/third_party/freertos/Source/portable/GCC/ARM_CM4F/port.o
                0x0000000000003cfc                vPortValidateInterruptPriority
 .text.pvPortMalloc
                0x0000000000003d50       0x50 ./gecko_sdk_3.0.0/util/third_party/freertos/Source/portable/MemMang/heap_1.o
                0x0000000000003d50                pvPortMalloc
 .text.vPortFree
                0x0000000000003da0       0x10 ./gecko_sdk_3.0.0/util/third_party/freertos/Source/portable/MemMang/heap_1.o
                0x0000000000003da0                vPortFree
 .text.sli_os_schedule_wakeup
                0x0000000000003db0       0x68 ./gecko_sdk_3.0.0/util/third_party/freertos/Source/portable/SiliconLabs/tick_power_manager.o
 .text.sli_schedule_wakeup_timer_expire_handler
                0x0000000000003e18       0x70 ./gecko_sdk_3.0.0/util/third_party/freertos/Source/portable/SiliconLabs/tick_power_manager.o
 .text.vPortSetupTimerInterrupt
                0x0000000000003e88       0x50 ./gecko_sdk_3.0.0/util/third_party/freertos/Source/portable/SiliconLabs/tick_power_manager.o
                0x0000000000003e88                vPortSetupTimerInterrupt
 .text.vPortSuppressTicksAndSleep
                0x0000000000003ed8       0x78 ./gecko_sdk_3.0.0/util/third_party/freertos/Source/portable/SiliconLabs/tick_power_manager.o
                0x0000000000003ed8                vPortSuppressTicksAndSleep
 .text.sl_power_manager_is_ok_to_sleep
                0x0000000000003f50        0xe ./gecko_sdk_3.0.0/util/third_party/freertos/Source/portable/SiliconLabs/tick_power_manager.o
                0x0000000000003f50                sl_power_manager_is_ok_to_sleep
 .text.sl_power_manager_sleep_on_isr_exit
                0x0000000000003f5e        0x4 ./gecko_sdk_3.0.0/util/third_party/freertos/Source/portable/SiliconLabs/tick_power_manager.o
                0x0000000000003f5e                sl_power_manager_sleep_on_isr_exit
 *fill*         0x0000000000003f62        0x2 
 .text          0x0000000000003f64       0x30 /home/krzysztof/SimplicityStudio_v5/developer/toolchains/gnu_arm/7.2_2017q4/bin/../lib/gcc/arm-none-eabi/7.2.1/thumb/v8-m.main/fpv5-sp/hard/libgcc.a(_aeabi_uldivmod.o)
                0x0000000000003f64                __aeabi_uldivmod
 .text          0x0000000000003f94      0x2e0 /home/krzysztof/SimplicityStudio_v5/developer/toolchains/gnu_arm/7.2_2017q4/bin/../lib/gcc/arm-none-eabi/7.2.1/thumb/v8-m.main/fpv5-sp/hard/libgcc.a(_udivmoddi4.o)
                0x0000000000003f94                __udivmoddi4
 .text          0x0000000000004274        0x4 /home/krzysztof/SimplicityStudio_v5/developer/toolchains/gnu_arm/7.2_2017q4/bin/../lib/gcc/arm-none-eabi/7.2.1/thumb/v8-m.main/fpv5-sp/hard/libgcc.a(_dvmd_tls.o)
                0x0000000000004274                __aeabi_ldiv0
                0x0000000000004274                __aeabi_idiv0
 .text.exit     0x0000000000004278       0x28 /home/krzysztof/SimplicityStudio_v5/developer/toolchains/gnu_arm/7.2_2017q4/bin/../lib/gcc/arm-none-eabi/7.2.1/../../../../arm-none-eabi/lib/thumb/v8-m.main/fpv5-sp/hard/libc_nano.a(lib_a-exit.o)
                0x0000000000004278                exit
 .text.__libc_init_array
                0x00000000000042a0       0x48 /home/krzysztof/SimplicityStudio_v5/developer/toolchains/gnu_arm/7.2_2017q4/bin/../lib/gcc/arm-none-eabi/7.2.1/../../../../arm-none-eabi/lib/thumb/v8-m.main/fpv5-sp/hard/libc_nano.a(lib_a-init.o)
                0x00000000000042a0                __libc_init_array
 .text.memcpy   0x00000000000042e8       0x16 /home/krzysztof/SimplicityStudio_v5/developer/toolchains/gnu_arm/7.2_2017q4/bin/../lib/gcc/arm-none-eabi/7.2.1/../../../../arm-none-eabi/lib/thumb/v8-m.main/fpv5-sp/hard/libc_nano.a(lib_a-memcpy-stub.o)
                0x00000000000042e8                memcpy
 .text.memset   0x00000000000042fe       0x10 /home/krzysztof/SimplicityStudio_v5/developer/toolchains/gnu_arm/7.2_2017q4/bin/../lib/gcc/arm-none-eabi/7.2.1/../../../../arm-none-eabi/lib/thumb/v8-m.main/fpv5-sp/hard/libc_nano.a(lib_a-memset.o)
                0x00000000000042fe                memset
 *fill*         0x000000000000430e        0x2 
 .text._exit    0x0000000000004310        0x4 /home/krzysztof/SimplicityStudio_v5/developer/toolchains/gnu_arm/7.2_2017q4/bin/../lib/gcc/arm-none-eabi/7.2.1/../../../../arm-none-eabi/lib/thumb/v8-m.main/fpv5-sp/hard/libnosys.a(_exit.o)
                0x0000000000004310                _exit
                0x0000000000004314                linker_code_end = .
 *(.init)
 .init          0x0000000000004314        0x4 /home/krzysztof/SimplicityStudio_v5/developer/toolchains/gnu_arm/7.2_2017q4/bin/../lib/gcc/arm-none-eabi/7.2.1/thumb/v8-m.main/fpv5-sp/hard/crti.o
                0x0000000000004314                _init
 .init          0x0000000000004318        0x8 /home/krzysztof/SimplicityStudio_v5/developer/toolchains/gnu_arm/7.2_2017q4/bin/../lib/gcc/arm-none-eabi/7.2.1/thumb/v8-m.main/fpv5-sp/hard/crtn.o
 *(.fini)
 .fini          0x0000000000004320        0x4 /home/krzysztof/SimplicityStudio_v5/developer/toolchains/gnu_arm/7.2_2017q4/bin/../lib/gcc/arm-none-eabi/7.2.1/thumb/v8-m.main/fpv5-sp/hard/crti.o
                0x0000000000004320                _fini
 .fini          0x0000000000004324        0x8 /home/krzysztof/SimplicityStudio_v5/developer/toolchains/gnu_arm/7.2_2017q4/bin/../lib/gcc/arm-none-eabi/7.2.1/thumb/v8-m.main/fpv5-sp/hard/crtn.o
 *fill*         0x000000000000432c        0x4 
 .fini.__stub   0x0000000000004330       0x10 linker stubs
 *crtbegin.o(.ctors)
 *crtbegin?.o(.ctors)
 *(EXCLUDE_FILE(*crtend.o *crtend?.o) .ctors)
 *(SORT_BY_NAME(.ctors.*))
 *(.ctors)
 *crtbegin.o(.dtors)
 *crtbegin?.o(.dtors)
 *(EXCLUDE_FILE(*crtend.o *crtend?.o) .dtors)
 *(SORT_BY_NAME(.dtors.*))
 *(.dtors)
 *(.rodata*)
 .rodata.led_blinks2.str1.1
                0x0000000000004340       0x6c ./main.o
 .rodata.main.str1.1
                0x00000000000043ac       0x12 ./main.o
 *fill*         0x00000000000043be        0x2 
 .rodata.sl_led_led1
                0x00000000000043c0       0x18 ./autogen/sl_simple_led_instances.o
                0x00000000000043c0                sl_led_led1
 .rodata.sl_led_led2
                0x00000000000043d8       0x18 ./autogen/sl_simple_led_instances.o
                0x00000000000043d8                sl_led_led2
 .rodata.GPIO_PinOutClear.str1.1
                0x00000000000043f0       0x61 ./gecko_sdk_3.0.0/platform/driver/leddrv/src/sl_simple_led.o
 .rodata.HFRCODPLLDevinfoGet.str1.1
                0x0000000000004451       0x2f ./gecko_sdk_3.0.0/platform/emlib/src/em_cmu.o
 .rodata.EMU_VScaleEM01.str1.1
                0x0000000000004480       0x2f ./gecko_sdk_3.0.0/platform/emlib/src/em_emu.o
 .rodata.GPIO_ExtIntConfig.str1.1
                0x00000000000044af       0x30 ./gecko_sdk_3.0.0/platform/emlib/src/em_gpio.o
 .rodata.GPIO_PinOutSet.str1.1
                0x00000000000044df       0x61 ./gecko_sdk_3.0.0/platform/emlib/src/em_gpio.o
 .rodata.RTCC_ChannelInit.str1.1
                0x00000000000044df       0x30 ./gecko_sdk_3.0.0/platform/emlib/src/em_rtcc.o
 .rodata.timerPrsConfig.str1.1
                0x000000000000450f       0x31 ./gecko_sdk_3.0.0/platform/emlib/src/em_timer.o
 .rodata        0x0000000000004540        0x8 ./gecko_sdk_3.0.0/platform/service/device_init/src/sl_device_init_dcdc_s2.o
 .rodata.evaluate_wakeup.str1.1
                0x0000000000004548        0xa ./gecko_sdk_3.0.0/platform/service/power_manager/src/sl_power_manager.o
 .rodata.power_manager_notify_em_transition.str1.1
                0x0000000000004548       0x49 ./gecko_sdk_3.0.0/platform/service/power_manager/src/sl_power_manager.o
 .rodata.sli_power_manager_init_hardware.str1.1
                0x0000000000004591       0x50 ./gecko_sdk_3.0.0/platform/service/power_manager/src/sl_power_manager_hal_s2.o
 .rodata        0x00000000000045e1        0xb ./gecko_sdk_3.0.0/platform/service/sleeptimer/src/sl_sleeptimer_hal_rtcc.o
 .rodata.xQueueGenericReset.str1.1
                0x00000000000045ec       0x3c ./gecko_sdk_3.0.0/util/third_party/freertos/Source/queue.o
 .rodata.prvTaskIsTaskSuspended.str1.1
                0x0000000000004628       0x3c ./gecko_sdk_3.0.0/util/third_party/freertos/Source/tasks.o
 .rodata.vTaskStartScheduler.str1.1
                0x0000000000004664        0x5 ./gecko_sdk_3.0.0/util/third_party/freertos/Source/tasks.o
 .rodata.prvCheckForValidListAndQueue.str1.1
                0x0000000000004669        0x5 ./gecko_sdk_3.0.0/util/third_party/freertos/Source/timers.o
 .rodata.xTimerCreateTimerTask.str1.1
                0x000000000000466e       0x45 ./gecko_sdk_3.0.0/util/third_party/freertos/Source/timers.o
 .rodata.prvTaskExitError.str1.1
                0x00000000000046b3       0x51 ./gecko_sdk_3.0.0/util/third_party/freertos/Source/portable/GCC/ARM_CM4F/port.o
 .rodata.vPortFree.str1.1
                0x0000000000004704       0x4e ./gecko_sdk_3.0.0/util/third_party/freertos/Source/portable/MemMang/heap_1.o
 .rodata.sli_os_schedule_wakeup.str1.1
                0x0000000000004752       0x5e ./gecko_sdk_3.0.0/util/third_party/freertos/Source/portable/SiliconLabs/tick_power_manager.o
 .rodata._global_impure_ptr
                0x00000000000047b0        0x4 /home/krzysztof/SimplicityStudio_v5/developer/toolchains/gnu_arm/7.2_2017q4/bin/../lib/gcc/arm-none-eabi/7.2.1/../../../../arm-none-eabi/lib/thumb/v8-m.main/fpv5-sp/hard/libc_nano.a(lib_a-impure.o)
                0x00000000000047b0                _global_impure_ptr
 *(.eh_frame*)
 .eh_frame      0x00000000000047b4        0x0 /home/krzysztof/SimplicityStudio_v5/developer/toolchains/gnu_arm/7.2_2017q4/bin/../lib/gcc/arm-none-eabi/7.2.1/thumb/v8-m.main/fpv5-sp/hard/crtbegin.o

.glue_7         0x00000000000047b4        0x0
 .glue_7        0x00000000000047b4        0x0 linker stubs

.glue_7t        0x00000000000047b4        0x0
 .glue_7t       0x00000000000047b4        0x0 linker stubs

.vfp11_veneer   0x00000000000047b4        0x0
 .vfp11_veneer  0x00000000000047b4        0x0 linker stubs

.v4_bx          0x00000000000047b4        0x0
 .v4_bx         0x00000000000047b4        0x0 linker stubs

.iplt           0x00000000000047b4        0x0
 .iplt          0x00000000000047b4        0x0 /home/krzysztof/SimplicityStudio_v5/developer/toolchains/gnu_arm/7.2_2017q4/bin/../lib/gcc/arm-none-eabi/7.2.1/thumb/v8-m.main/fpv5-sp/hard/crtbegin.o

.ARM.extab
 *(.ARM.extab* .gnu.linkonce.armextab.*)
                0x00000000000047b4                __exidx_start = .

.ARM.exidx      0x00000000000047b4        0x8
 *(.ARM.exidx* .gnu.linkonce.armexidx.*)
 .ARM.exidx     0x00000000000047b4        0x8 /home/krzysztof/SimplicityStudio_v5/developer/toolchains/gnu_arm/7.2_2017q4/bin/../lib/gcc/arm-none-eabi/7.2.1/../../../../arm-none-eabi/lib/thumb/v8-m.main/fpv5-sp/hard/crt0.o
 .ARM.exidx     0x00000000000047bc        0x0 /home/krzysztof/SimplicityStudio_v5/developer/toolchains/gnu_arm/7.2_2017q4/bin/../lib/gcc/arm-none-eabi/7.2.1/thumb/v8-m.main/fpv5-sp/hard/libgcc.a(_udivmoddi4.o)
                                          0x8 (size before relaxing)
                0x00000000000047bc                __exidx_end = .
                0x00000000000047bc                __etext = .

.rel.dyn        0x00000000000047bc        0x0
 .rel.iplt      0x00000000000047bc        0x0 /home/krzysztof/SimplicityStudio_v5/developer/toolchains/gnu_arm/7.2_2017q4/bin/../lib/gcc/arm-none-eabi/7.2.1/thumb/v8-m.main/fpv5-sp/hard/crtbegin.o
                0x0000000020000000                . = ORIGIN (RAM)

.stack          0x0000000020000000     0x1000
                0x0000000020000000                __StackLimit = .
 *(.stack*)
 .stack         0x0000000020000000        0x0 ./gecko_sdk_3.0.0/platform/Device/SiliconLabs/EFR32BG22/Source/GCC/startup_efr32bg22.o
 .stack         0x0000000020000000     0x1000 ./gecko_sdk_3.0.0/platform/common/toolchain/src/sl_memory.o
                0x0000000020001000                . = ALIGN (0x4)
                0x0000000020001000                __StackTop = .
                0x0000000020001000                PROVIDE (__stack, __StackTop)

.noinit
 *(.noinit*)

.data           0x0000000020001000       0xac load address 0x00000000000047bc
                0x0000000020001000                . = ALIGN (0x4)
                0x0000000020001000                __data_start__ = .
 *(vtable)
 *(.data*)
 .data.simple_led1_context
                0x0000000020001000        0x3 ./autogen/sl_simple_led_instances.o
                0x0000000020001000                simple_led1_context
 .data.simple_led2_context
                0x0000000020001003        0x3 ./autogen/sl_simple_led_instances.o
                0x0000000020001003                simple_led2_context
 *fill*         0x0000000020001006        0x2 
 .data.SystemCoreClock
                0x0000000020001008        0x4 ./gecko_sdk_3.0.0/platform/Device/SiliconLabs/EFR32BG22/Source/system_efr32bg22.o
                0x0000000020001008                SystemCoreClock
 .data.SystemHFRCODPLLClock
                0x000000002000100c        0x4 ./gecko_sdk_3.0.0/platform/Device/SiliconLabs/EFR32BG22/Source/system_efr32bg22.o
 .data.SystemHFXOClock
                0x0000000020001010        0x4 ./gecko_sdk_3.0.0/platform/Device/SiliconLabs/EFR32BG22/Source/system_efr32bg22.o
 .data.SystemLFXOClock
                0x0000000020001014        0x4 ./gecko_sdk_3.0.0/platform/Device/SiliconLabs/EFR32BG22/Source/system_efr32bg22.o
 .data.cc_disabled
                0x0000000020001018        0x1 ./gecko_sdk_3.0.0/platform/service/sleeptimer/src/sl_sleeptimer_hal_rtcc.o
 *fill*         0x0000000020001019        0x3 
 .data.uxCriticalNesting
                0x000000002000101c        0x4 ./gecko_sdk_3.0.0/util/third_party/freertos/Source/portable/GCC/ARM_CM4F/port.o
 .data.impure_data
                0x0000000020001020       0x60 /home/krzysztof/SimplicityStudio_v5/developer/toolchains/gnu_arm/7.2_2017q4/bin/../lib/gcc/arm-none-eabi/7.2.1/../../../../arm-none-eabi/lib/thumb/v8-m.main/fpv5-sp/hard/libc_nano.a(lib_a-impure.o)
                0x0000000020001080                . = ALIGN (0x4)
                [!provide]                        PROVIDE (__ram_func_section_start, .)
 *(.ram)
 .ram           0x0000000020001080       0x24 ./gecko_sdk_3.0.0/platform/emlib/src/em_emu.o
                [!provide]                        PROVIDE (__ram_func_section_end, .)
                0x00000000200010a4                . = ALIGN (0x4)
                0x00000000200010a4                PROVIDE (__preinit_array_start, .)
 *(.preinit_array)
                0x00000000200010a4                PROVIDE (__preinit_array_end, .)
                0x00000000200010a4                . = ALIGN (0x4)
                0x00000000200010a4                PROVIDE (__init_array_start, .)
 *(SORT_BY_NAME(.init_array.*))
 *(.init_array)
 .init_array    0x00000000200010a4        0x4 /home/krzysztof/SimplicityStudio_v5/developer/toolchains/gnu_arm/7.2_2017q4/bin/../lib/gcc/arm-none-eabi/7.2.1/thumb/v8-m.main/fpv5-sp/hard/crtbegin.o
                0x00000000200010a8                PROVIDE (__init_array_end, .)
                0x00000000200010a8                . = ALIGN (0x4)
                [!provide]                        PROVIDE (__fini_array_start, .)
 *(SORT_BY_NAME(.fini_array.*))
 *(.fini_array)
 .fini_array    0x00000000200010a8        0x4 /home/krzysztof/SimplicityStudio_v5/developer/toolchains/gnu_arm/7.2_2017q4/bin/../lib/gcc/arm-none-eabi/7.2.1/thumb/v8-m.main/fpv5-sp/hard/crtbegin.o
                [!provide]                        PROVIDE (__fini_array_end, .)
                0x00000000200010ac                . = ALIGN (0x4)
                0x00000000200010ac                __data_end__ = .

.igot.plt       0x00000000200010ac        0x0 load address 0x0000000000004868
 .igot.plt      0x00000000200010ac        0x0 /home/krzysztof/SimplicityStudio_v5/developer/toolchains/gnu_arm/7.2_2017q4/bin/../lib/gcc/arm-none-eabi/7.2.1/thumb/v8-m.main/fpv5-sp/hard/crtbegin.o

.bss            0x00000000200010ac     0x25ec load address 0x0000000000004868
                0x00000000200010ac                . = ALIGN (0x4)
                0x00000000200010ac                __bss_start__ = .
 *(.bss*)
 .bss           0x00000000200010ac       0x1c /home/krzysztof/SimplicityStudio_v5/developer/toolchains/gnu_arm/7.2_2017q4/bin/../lib/gcc/arm-none-eabi/7.2.1/thumb/v8-m.main/fpv5-sp/hard/crtbegin.o
 .bss.led_blinks1_handle
                0x00000000200010c8        0x4 ./main.o
                0x00000000200010c8                led_blinks1_handle
 .bss.led_blinks2_handle
                0x00000000200010cc        0x4 ./main.o
                0x00000000200010cc                led_blinks2_handle
 .bss.dpllRefClk.11849
                0x00000000200010d0        0x4 ./gecko_sdk_3.0.0/platform/emlib/src/em_emu.o
 .bss.vScaleEM01Config
                0x00000000200010d4        0x1 ./gecko_sdk_3.0.0/platform/emlib/src/em_emu.o
 *fill*         0x00000000200010d5        0x3 
 .bss.clock_wakeup_timer_handle
                0x00000000200010d8       0x18 ./gecko_sdk_3.0.0/platform/service/power_manager/src/sl_power_manager.o
 .bss.current_em
                0x00000000200010f0        0x1 ./gecko_sdk_3.0.0/platform/service/power_manager/src/sl_power_manager.o
 *fill*         0x00000000200010f1        0x3 
 .bss.high_frequency_min_offtime_tick
                0x00000000200010f4        0x4 ./gecko_sdk_3.0.0/platform/service/power_manager/src/sl_power_manager.o
                0x00000000200010f4                high_frequency_min_offtime_tick
 .bss.is_hf_x_oscillator_not_preserved
                0x00000000200010f8        0x1 ./gecko_sdk_3.0.0/platform/service/power_manager/src/sl_power_manager.o
 .bss.is_initialized
                0x00000000200010f9        0x1 ./gecko_sdk_3.0.0/platform/service/power_manager/src/sl_power_manager.o
 .bss.is_states_saved
                0x00000000200010fa        0x1 ./gecko_sdk_3.0.0/platform/service/power_manager/src/sl_power_manager.o
 *fill*         0x00000000200010fb        0x1 
 .bss.power_manager_em_transition_event_list
                0x00000000200010fc        0x4 ./gecko_sdk_3.0.0/platform/service/power_manager/src/sl_power_manager.o
 .bss.requirement_em_table
                0x0000000020001100        0x2 ./gecko_sdk_3.0.0/platform/service/power_manager/src/sl_power_manager.o
 .bss.requirement_high_accuracy_hf_clock_counter
                0x0000000020001102        0x1 ./gecko_sdk_3.0.0/platform/service/power_manager/src/sl_power_manager.o
                0x0000000020001102                requirement_high_accuracy_hf_clock_counter
 .bss.requirement_on_em1_added
                0x0000000020001103        0x1 ./gecko_sdk_3.0.0/platform/service/power_manager/src/sl_power_manager.o
 .bss.sleeptimer_frequency
                0x0000000020001104        0x4 ./gecko_sdk_3.0.0/platform/service/power_manager/src/sl_power_manager.o
 .bss.wakeup_time_config_overhead_tick
                0x0000000020001108        0x4 ./gecko_sdk_3.0.0/platform/service/power_manager/src/sl_power_manager.o
                0x0000000020001108                wakeup_time_config_overhead_tick
 .bss.hf_x_oscillator_wakeup_time_tc_inital
                0x000000002000110c        0x4 ./gecko_sdk_3.0.0/platform/service/power_manager/src/sl_power_manager_hal_s2.o
 .bss.hfxo_wakeup_time_sum_average
                0x0000000020001110        0x4 ./gecko_sdk_3.0.0/platform/service/power_manager/src/sl_power_manager_hal_s2.o
 .bss.hfxo_wakeup_time_table
                0x0000000020001114       0x28 ./gecko_sdk_3.0.0/platform/service/power_manager/src/sl_power_manager_hal_s2.o
 .bss.hfxo_wakeup_time_table_index
                0x000000002000113c        0x1 ./gecko_sdk_3.0.0/platform/service/power_manager/src/sl_power_manager_hal_s2.o
 *fill*         0x000000002000113d        0x3 
 .bss.hfxo_wakeup_time_tick
                0x0000000020001140        0x4 ./gecko_sdk_3.0.0/platform/service/power_manager/src/sl_power_manager_hal_s2.o
 .bss.is_dpll_used
                0x0000000020001144        0x1 ./gecko_sdk_3.0.0/platform/service/power_manager/src/sl_power_manager_hal_s2.o
 .bss.is_entering_deepsleep
                0x0000000020001145        0x1 ./gecko_sdk_3.0.0/platform/service/power_manager/src/sl_power_manager_hal_s2.o
 .bss.is_hf_x_oscillator_already_started
                0x0000000020001146        0x1 ./gecko_sdk_3.0.0/platform/service/power_manager/src/sl_power_manager_hal_s2.o
 .bss.is_hf_x_oscillator_used
                0x0000000020001147        0x1 ./gecko_sdk_3.0.0/platform/service/power_manager/src/sl_power_manager_hal_s2.o
 .bss.process_wakeup_overhead_tick
                0x0000000020001148        0x4 ./gecko_sdk_3.0.0/platform/service/power_manager/src/sl_power_manager_hal_s2.o
 .bss.is_sleeptimer_initialized
                0x000000002000114c        0x1 ./gecko_sdk_3.0.0/platform/service/sleeptimer/src/sl_sleeptimer.o
 *fill*         0x000000002000114d        0x3 
 .bss.last_delta_update_count
                0x0000000020001150        0x4 ./gecko_sdk_3.0.0/platform/service/sleeptimer/src/sl_sleeptimer.o
 .bss.max_millisecond_conversion
                0x0000000020001154        0x4 ./gecko_sdk_3.0.0/platform/service/sleeptimer/src/sl_sleeptimer.o
 .bss.next_timer_to_expire_is_power_manager
                0x0000000020001158        0x1 ./gecko_sdk_3.0.0/platform/service/sleeptimer/src/sl_sleeptimer.o
 *fill*         0x0000000020001159        0x1 
 .bss.overflow_counter
                0x000000002000115a        0x2 ./gecko_sdk_3.0.0/platform/service/sleeptimer/src/sl_sleeptimer.o
 .bss.sleep_on_isr_exit
                0x000000002000115c        0x1 ./gecko_sdk_3.0.0/platform/service/sleeptimer/src/sl_sleeptimer.o
 *fill*         0x000000002000115d        0x3 
 .bss.timer_frequency
                0x0000000020001160        0x4 ./gecko_sdk_3.0.0/platform/service/sleeptimer/src/sl_sleeptimer.o
 .bss.timer_head
                0x0000000020001164        0x4 ./gecko_sdk_3.0.0/platform/service/sleeptimer/src/sl_sleeptimer.o
 .bss.pxCurrentTCB
                0x0000000020001168        0x4 ./gecko_sdk_3.0.0/util/third_party/freertos/Source/tasks.o
                0x0000000020001168                pxCurrentTCB
 .bss.pxDelayedTaskList
                0x000000002000116c        0x4 ./gecko_sdk_3.0.0/util/third_party/freertos/Source/tasks.o
 .bss.pxOverflowDelayedTaskList
                0x0000000020001170        0x4 ./gecko_sdk_3.0.0/util/third_party/freertos/Source/tasks.o
 .bss.pxReadyTasksLists
                0x0000000020001174       0xa0 ./gecko_sdk_3.0.0/util/third_party/freertos/Source/tasks.o
 .bss.uxCurrentNumberOfTasks
                0x0000000020001214        0x4 ./gecko_sdk_3.0.0/util/third_party/freertos/Source/tasks.o
 .bss.uxDeletedTasksWaitingCleanUp
                0x0000000020001218        0x4 ./gecko_sdk_3.0.0/util/third_party/freertos/Source/tasks.o
 .bss.uxPendedTicks
                0x000000002000121c        0x4 ./gecko_sdk_3.0.0/util/third_party/freertos/Source/tasks.o
 .bss.uxSchedulerSuspended
                0x0000000020001220        0x4 ./gecko_sdk_3.0.0/util/third_party/freertos/Source/tasks.o
 .bss.uxTaskNumber
                0x0000000020001224        0x4 ./gecko_sdk_3.0.0/util/third_party/freertos/Source/tasks.o
 .bss.uxTopReadyPriority
                0x0000000020001228        0x4 ./gecko_sdk_3.0.0/util/third_party/freertos/Source/tasks.o
 .bss.xDelayedTaskList1
                0x000000002000122c       0x14 ./gecko_sdk_3.0.0/util/third_party/freertos/Source/tasks.o
 .bss.xDelayedTaskList2
                0x0000000020001240       0x14 ./gecko_sdk_3.0.0/util/third_party/freertos/Source/tasks.o
 .bss.xIdleTaskHandle
                0x0000000020001254        0x4 ./gecko_sdk_3.0.0/util/third_party/freertos/Source/tasks.o
 .bss.xNextTaskUnblockTime
                0x0000000020001258        0x4 ./gecko_sdk_3.0.0/util/third_party/freertos/Source/tasks.o
 .bss.xNumOfOverflows
                0x000000002000125c        0x4 ./gecko_sdk_3.0.0/util/third_party/freertos/Source/tasks.o
 .bss.xPendingReadyList
                0x0000000020001260       0x14 ./gecko_sdk_3.0.0/util/third_party/freertos/Source/tasks.o
 .bss.xSchedulerRunning
                0x0000000020001274        0x4 ./gecko_sdk_3.0.0/util/third_party/freertos/Source/tasks.o
 .bss.xSuspendedTaskList
                0x0000000020001278       0x14 ./gecko_sdk_3.0.0/util/third_party/freertos/Source/tasks.o
 .bss.xTasksWaitingTermination
                0x000000002000128c       0x14 ./gecko_sdk_3.0.0/util/third_party/freertos/Source/tasks.o
 .bss.xTickCount
                0x00000000200012a0        0x4 ./gecko_sdk_3.0.0/util/third_party/freertos/Source/tasks.o
 .bss.xYieldPending
                0x00000000200012a4        0x4 ./gecko_sdk_3.0.0/util/third_party/freertos/Source/tasks.o
 .bss.pxCurrentTimerList
                0x00000000200012a8        0x4 ./gecko_sdk_3.0.0/util/third_party/freertos/Source/timers.o
 .bss.pxOverflowTimerList
                0x00000000200012ac        0x4 ./gecko_sdk_3.0.0/util/third_party/freertos/Source/timers.o
 .bss.xActiveTimerList1
                0x00000000200012b0       0x14 ./gecko_sdk_3.0.0/util/third_party/freertos/Source/timers.o
 .bss.xActiveTimerList2
                0x00000000200012c4       0x14 ./gecko_sdk_3.0.0/util/third_party/freertos/Source/timers.o
 .bss.xLastTime.12058
                0x00000000200012d8        0x4 ./gecko_sdk_3.0.0/util/third_party/freertos/Source/timers.o
 .bss.xTimerQueue
                0x00000000200012dc        0x4 ./gecko_sdk_3.0.0/util/third_party/freertos/Source/timers.o
 .bss.xTimerTaskHandle
                0x00000000200012e0        0x4 ./gecko_sdk_3.0.0/util/third_party/freertos/Source/timers.o
 .bss.ucMaxSysCallPriority
                0x00000000200012e4        0x1 ./gecko_sdk_3.0.0/util/third_party/freertos/Source/portable/GCC/ARM_CM4F/port.o
 *fill*         0x00000000200012e5        0x3 
 .bss.ulMaxPRIGROUPValue
                0x00000000200012e8        0x4 ./gecko_sdk_3.0.0/util/third_party/freertos/Source/portable/GCC/ARM_CM4F/port.o
 .bss.pucAlignedHeap.11775
                0x00000000200012ec        0x4 ./gecko_sdk_3.0.0/util/third_party/freertos/Source/portable/MemMang/heap_1.o
 .bss.ucHeap    0x00000000200012f0     0x2328 ./gecko_sdk_3.0.0/util/third_party/freertos/Source/portable/MemMang/heap_1.o
 .bss.xNextFreeByte
                0x0000000020003618        0x4 ./gecko_sdk_3.0.0/util/third_party/freertos/Source/portable/MemMang/heap_1.o
 .bss.is_sleeping
                0x000000002000361c        0x1 ./gecko_sdk_3.0.0/util/third_party/freertos/Source/portable/SiliconLabs/tick_power_manager.o
 *fill*         0x000000002000361d        0x3 
 .bss.last_update_lftick
                0x0000000020003620        0x4 ./gecko_sdk_3.0.0/util/third_party/freertos/Source/portable/SiliconLabs/tick_power_manager.o
 .bss.lfticks_per_os_ticks
                0x0000000020003624        0x4 ./gecko_sdk_3.0.0/util/third_party/freertos/Source/portable/SiliconLabs/tick_power_manager.o
 .bss.max_sleep_os_ticks
                0x0000000020003628        0x4 ./gecko_sdk_3.0.0/util/third_party/freertos/Source/portable/SiliconLabs/tick_power_manager.o
 .bss.schedule_wakeup_timer_handle
                0x000000002000362c       0x18 ./gecko_sdk_3.0.0/util/third_party/freertos/Source/portable/SiliconLabs/tick_power_manager.o
 *(COMMON)
 COMMON         0x0000000020003644        0x4 ./gecko_sdk_3.0.0/platform/service/power_manager/src/sl_power_manager_hal_s2.o
                0x0000000020003644                cmu_sys_clock_register
 COMMON         0x0000000020003648       0x50 ./gecko_sdk_3.0.0/util/third_party/freertos/Source/queue.o
                0x0000000020003648                xQueueRegistry
                0x0000000020003698                . = ALIGN (0x4)
                0x0000000020003698                __bss_end__ = .

.heap           0x0000000020003698     0x4968
                0x0000000020003698                __HeapBase = .
                0x0000000020003698                __end__ = .
                0x0000000020003698                end = __end__
                0x0000000020003698                _end = __end__
 *(.heap*)
 .heap          0x0000000020003698      0x800 ./gecko_sdk_3.0.0/platform/common/toolchain/src/sl_memory.o
                0x0000000020008000                . = (ORIGIN (RAM) + LENGTH (RAM))
 *fill*         0x0000000020003e98     0x4168 
                0x0000000020008000                __HeapLimit = .
                0x0000000000004968                __heap_size = (__HeapLimit - __HeapBase)

.internal_storage
                0x00000000000047bc        0x0
 *(.internal_storage*)

.nvm            0x00000000000047bc        0x0
 *(.simee*)
                0x000000000007e000                linker_nvm_end = (ORIGIN (FLASH) + LENGTH (FLASH))
                0x000000000007e000                linker_nvm_begin = (linker_nvm_end - SIZEOF (.nvm))
                0x0000000000000000                linker_nvm_size = SIZEOF (.nvm)
                0x000000000007e000                linker_storage_end = linker_nvm_begin
                0x000000000007e000                linker_storage_begin = (linker_storage_end - SIZEOF (.internal_storage))
                0x0000000000000000                linker_storage_size = SIZEOF (.internal_storage)
                0x000000000007e000                __nvm3Base = linker_nvm_begin
                0x0000000000000001                ASSERT ((LENGTH (FLASH) >= (__etext + SIZEOF (.data))), FLASH memory overflowed !)
                0x0000000000000001                ASSERT (((ORIGIN (RAM) + LENGTH (RAM)) >= (__HeapBase + SIZEOF (.heap))), RAM memory overflowed !)
OUTPUT(empty.axf elf32-littlearm)

.ARM.attributes
                0x0000000000000000       0x36
 .ARM.attributes
                0x0000000000000000       0x26 /home/krzysztof/SimplicityStudio_v5/developer/toolchains/gnu_arm/7.2_2017q4/bin/../lib/gcc/arm-none-eabi/7.2.1/thumb/v8-m.main/fpv5-sp/hard/crti.o
 .ARM.attributes
                0x0000000000000026       0x38 /home/krzysztof/SimplicityStudio_v5/developer/toolchains/gnu_arm/7.2_2017q4/bin/../lib/gcc/arm-none-eabi/7.2.1/thumb/v8-m.main/fpv5-sp/hard/crtbegin.o
 .ARM.attributes
                0x000000000000005e       0x24 /home/krzysztof/SimplicityStudio_v5/developer/toolchains/gnu_arm/7.2_2017q4/bin/../lib/gcc/arm-none-eabi/7.2.1/../../../../arm-none-eabi/lib/thumb/v8-m.main/fpv5-sp/hard/crt0.o
 .ARM.attributes
                0x0000000000000082       0x3c ./app.o
 .ARM.attributes
                0x00000000000000be       0x3c ./main.o
 .ARM.attributes
                0x00000000000000fa       0x3c ./autogen/sl_device_init_clocks.o
 .ARM.attributes
                0x0000000000000136       0x3c ./autogen/sl_event_handler.o
 .ARM.attributes
                0x0000000000000172       0x3c ./autogen/sl_simple_led_instances.o
 .ARM.attributes
                0x00000000000001ae       0x3c ./gecko_sdk_3.0.0/platform/Device/SiliconLabs/EFR32BG22/Source/GCC/startup_efr32bg22.o
 .ARM.attributes
                0x00000000000001ea       0x3c ./gecko_sdk_3.0.0/platform/Device/SiliconLabs/EFR32BG22/Source/system_efr32bg22.o
 .ARM.attributes
                0x0000000000000226       0x3c ./gecko_sdk_3.0.0/platform/common/src/sl_slist.o
 .ARM.attributes
                0x0000000000000262       0x3c ./gecko_sdk_3.0.0/platform/common/toolchain/src/sl_memory.o
 .ARM.attributes
                0x000000000000029e       0x3c ./gecko_sdk_3.0.0/platform/driver/leddrv/src/sl_led.o
 .ARM.attributes
                0x00000000000002da       0x3c ./gecko_sdk_3.0.0/platform/driver/leddrv/src/sl_simple_led.o
 .ARM.attributes
                0x0000000000000316       0x3c ./gecko_sdk_3.0.0/platform/emlib/src/em_assert.o
 .ARM.attributes
                0x0000000000000352       0x3c ./gecko_sdk_3.0.0/platform/emlib/src/em_cmu.o
 .ARM.attributes
                0x000000000000038e       0x3c ./gecko_sdk_3.0.0/platform/emlib/src/em_core.o
 .ARM.attributes
                0x00000000000003ca       0x3c ./gecko_sdk_3.0.0/platform/emlib/src/em_emu.o
 .ARM.attributes
                0x0000000000000406       0x3c ./gecko_sdk_3.0.0/platform/emlib/src/em_gpio.o
 .ARM.attributes
                0x0000000000000442       0x3c ./gecko_sdk_3.0.0/platform/emlib/src/em_rtcc.o
 .ARM.attributes
                0x000000000000047e       0x3c ./gecko_sdk_3.0.0/platform/emlib/src/em_timer.o
 .ARM.attributes
                0x00000000000004ba       0x3c ./gecko_sdk_3.0.0/platform/service/device_init/src/sl_device_init_dcdc_s2.o
 .ARM.attributes
                0x00000000000004f6       0x3c ./gecko_sdk_3.0.0/platform/service/device_init/src/sl_device_init_emu_s2.o
 .ARM.attributes
                0x0000000000000532       0x3c ./gecko_sdk_3.0.0/platform/service/power_manager/src/sl_power_manager.o
 .ARM.attributes
                0x000000000000056e       0x3c ./gecko_sdk_3.0.0/platform/service/power_manager/src/sl_power_manager_hal_s2.o
 .ARM.attributes
                0x00000000000005aa       0x3c ./gecko_sdk_3.0.0/platform/service/sleeptimer/src/sl_sleeptimer.o
 .ARM.attributes
                0x00000000000005e6       0x3c ./gecko_sdk_3.0.0/platform/service/sleeptimer/src/sl_sleeptimer_hal_rtcc.o
 .ARM.attributes
                0x0000000000000622       0x3c ./gecko_sdk_3.0.0/platform/service/system/src/sl_system_init.o
 .ARM.attributes
                0x000000000000065e       0x3c ./gecko_sdk_3.0.0/platform/service/system/src/sl_system_kernel.o
 .ARM.attributes
                0x000000000000069a       0x3c ./gecko_sdk_3.0.0/util/third_party/freertos/Source/list.o
 .ARM.attributes
                0x00000000000006d6       0x3c ./gecko_sdk_3.0.0/util/third_party/freertos/Source/queue.o
 .ARM.attributes
                0x0000000000000712       0x3c ./gecko_sdk_3.0.0/util/third_party/freertos/Source/tasks.o
 .ARM.attributes
                0x000000000000074e       0x3c ./gecko_sdk_3.0.0/util/third_party/freertos/Source/timers.o
 .ARM.attributes
                0x000000000000078a       0x3c ./gecko_sdk_3.0.0/util/third_party/freertos/Source/portable/GCC/ARM_CM4F/port.o
 .ARM.attributes
                0x00000000000007c6       0x3c ./gecko_sdk_3.0.0/util/third_party/freertos/Source/portable/MemMang/heap_1.o
 .ARM.attributes
                0x0000000000000802       0x3c ./gecko_sdk_3.0.0/util/third_party/freertos/Source/portable/SiliconLabs/tick_power_manager.o
 .ARM.attributes
                0x000000000000083e       0x26 /home/krzysztof/SimplicityStudio_v5/developer/toolchains/gnu_arm/7.2_2017q4/bin/../lib/gcc/arm-none-eabi/7.2.1/thumb/v8-m.main/fpv5-sp/hard/libgcc.a(_aeabi_uldivmod.o)
 .ARM.attributes
                0x0000000000000864       0x38 /home/krzysztof/SimplicityStudio_v5/developer/toolchains/gnu_arm/7.2_2017q4/bin/../lib/gcc/arm-none-eabi/7.2.1/thumb/v8-m.main/fpv5-sp/hard/libgcc.a(_udivmoddi4.o)
 .ARM.attributes
                0x000000000000089c       0x26 /home/krzysztof/SimplicityStudio_v5/developer/toolchains/gnu_arm/7.2_2017q4/bin/../lib/gcc/arm-none-eabi/7.2.1/thumb/v8-m.main/fpv5-sp/hard/libgcc.a(_dvmd_tls.o)
 .ARM.attributes
                0x00000000000008c2       0x38 /home/krzysztof/SimplicityStudio_v5/developer/toolchains/gnu_arm/7.2_2017q4/bin/../lib/gcc/arm-none-eabi/7.2.1/../../../../arm-none-eabi/lib/thumb/v8-m.main/fpv5-sp/hard/libc_nano.a(lib_a-exit.o)
 .ARM.attributes
                0x00000000000008fa       0x38 /home/krzysztof/SimplicityStudio_v5/developer/toolchains/gnu_arm/7.2_2017q4/bin/../lib/gcc/arm-none-eabi/7.2.1/../../../../arm-none-eabi/lib/thumb/v8-m.main/fpv5-sp/hard/libc_nano.a(lib_a-impure.o)
 .ARM.attributes
                0x0000000000000932       0x38 /home/krzysztof/SimplicityStudio_v5/developer/toolchains/gnu_arm/7.2_2017q4/bin/../lib/gcc/arm-none-eabi/7.2.1/../../../../arm-none-eabi/lib/thumb/v8-m.main/fpv5-sp/hard/libc_nano.a(lib_a-init.o)
 .ARM.attributes
                0x000000000000096a       0x38 /home/krzysztof/SimplicityStudio_v5/developer/toolchains/gnu_arm/7.2_2017q4/bin/../lib/gcc/arm-none-eabi/7.2.1/../../../../arm-none-eabi/lib/thumb/v8-m.main/fpv5-sp/hard/libc_nano.a(lib_a-memcpy-stub.o)
 .ARM.attributes
                0x00000000000009a2       0x38 /home/krzysztof/SimplicityStudio_v5/developer/toolchains/gnu_arm/7.2_2017q4/bin/../lib/gcc/arm-none-eabi/7.2.1/../../../../arm-none-eabi/lib/thumb/v8-m.main/fpv5-sp/hard/libc_nano.a(lib_a-memset.o)
 .ARM.attributes
                0x00000000000009da       0x38 /home/krzysztof/SimplicityStudio_v5/developer/toolchains/gnu_arm/7.2_2017q4/bin/../lib/gcc/arm-none-eabi/7.2.1/../../../../arm-none-eabi/lib/thumb/v8-m.main/fpv5-sp/hard/libnosys.a(_exit.o)
 .ARM.attributes
                0x0000000000000a12       0x26 /home/krzysztof/SimplicityStudio_v5/developer/toolchains/gnu_arm/7.2_2017q4/bin/../lib/gcc/arm-none-eabi/7.2.1/thumb/v8-m.main/fpv5-sp/hard/crtn.o

.comment        0x0000000000000000       0x7e
 .comment       0x0000000000000000       0x7e ./app.o
                                         0x7f (size before relaxing)
 .comment       0x000000000000007e       0x7f ./main.o
 .comment       0x000000000000007e       0x7f ./autogen/sl_device_init_clocks.o
 .comment       0x000000000000007e       0x7f ./autogen/sl_event_handler.o
 .comment       0x000000000000007e       0x7f ./autogen/sl_simple_led_instances.o
 .comment       0x000000000000007e       0x7f ./gecko_sdk_3.0.0/platform/Device/SiliconLabs/EFR32BG22/Source/GCC/startup_efr32bg22.o
 .comment       0x000000000000007e       0x7f ./gecko_sdk_3.0.0/platform/Device/SiliconLabs/EFR32BG22/Source/system_efr32bg22.o
 .comment       0x000000000000007e       0x7f ./gecko_sdk_3.0.0/platform/common/src/sl_slist.o
 .comment       0x000000000000007e       0x7f ./gecko_sdk_3.0.0/platform/common/toolchain/src/sl_memory.o
 .comment       0x000000000000007e       0x7f ./gecko_sdk_3.0.0/platform/driver/leddrv/src/sl_led.o
 .comment       0x000000000000007e       0x7f ./gecko_sdk_3.0.0/platform/driver/leddrv/src/sl_simple_led.o
 .comment       0x000000000000007e       0x7f ./gecko_sdk_3.0.0/platform/emlib/src/em_assert.o
 .comment       0x000000000000007e       0x7f ./gecko_sdk_3.0.0/platform/emlib/src/em_cmu.o
 .comment       0x000000000000007e       0x7f ./gecko_sdk_3.0.0/platform/emlib/src/em_core.o
 .comment       0x000000000000007e       0x7f ./gecko_sdk_3.0.0/platform/emlib/src/em_emu.o
 .comment       0x000000000000007e       0x7f ./gecko_sdk_3.0.0/platform/emlib/src/em_gpio.o
 .comment       0x000000000000007e       0x7f ./gecko_sdk_3.0.0/platform/emlib/src/em_rtcc.o
 .comment       0x000000000000007e       0x7f ./gecko_sdk_3.0.0/platform/emlib/src/em_timer.o
 .comment       0x000000000000007e       0x7f ./gecko_sdk_3.0.0/platform/service/device_init/src/sl_device_init_dcdc_s2.o
 .comment       0x000000000000007e       0x7f ./gecko_sdk_3.0.0/platform/service/device_init/src/sl_device_init_emu_s2.o
 .comment       0x000000000000007e       0x7f ./gecko_sdk_3.0.0/platform/service/power_manager/src/sl_power_manager.o
 .comment       0x000000000000007e       0x7f ./gecko_sdk_3.0.0/platform/service/power_manager/src/sl_power_manager_hal_s2.o
 .comment       0x000000000000007e       0x7f ./gecko_sdk_3.0.0/platform/service/sleeptimer/src/sl_sleeptimer.o
 .comment       0x000000000000007e       0x7f ./gecko_sdk_3.0.0/platform/service/sleeptimer/src/sl_sleeptimer_hal_rtcc.o
 .comment       0x000000000000007e       0x7f ./gecko_sdk_3.0.0/platform/service/system/src/sl_system_init.o
 .comment       0x000000000000007e       0x7f ./gecko_sdk_3.0.0/platform/service/system/src/sl_system_kernel.o
 .comment       0x000000000000007e       0x7f ./gecko_sdk_3.0.0/util/third_party/freertos/Source/list.o
 .comment       0x000000000000007e       0x7f ./gecko_sdk_3.0.0/util/third_party/freertos/Source/queue.o
 .comment       0x000000000000007e       0x7f ./gecko_sdk_3.0.0/util/third_party/freertos/Source/tasks.o
 .comment       0x000000000000007e       0x7f ./gecko_sdk_3.0.0/util/third_party/freertos/Source/timers.o
 .comment       0x000000000000007e       0x7f ./gecko_sdk_3.0.0/util/third_party/freertos/Source/portable/GCC/ARM_CM4F/port.o
 .comment       0x000000000000007e       0x7f ./gecko_sdk_3.0.0/util/third_party/freertos/Source/portable/MemMang/heap_1.o
 .comment       0x000000000000007e       0x7f ./gecko_sdk_3.0.0/util/third_party/freertos/Source/portable/SiliconLabs/tick_power_manager.o

.debug_info     0x0000000000000000    0x2a329
 .debug_info    0x0000000000000000       0x52 ./app.o
 .debug_info    0x0000000000000052     0x2244 ./main.o
 .debug_info    0x0000000000002296      0x3df ./autogen/sl_device_init_clocks.o
 .debug_info    0x0000000000002675     0x1b85 ./autogen/sl_event_handler.o
 .debug_info    0x00000000000041fa      0x312 ./autogen/sl_simple_led_instances.o
 .debug_info    0x000000000000450c      0x275 ./gecko_sdk_3.0.0/platform/Device/SiliconLabs/EFR32BG22/Source/GCC/startup_efr32bg22.o
 .debug_info    0x0000000000004781     0x127a ./gecko_sdk_3.0.0/platform/Device/SiliconLabs/EFR32BG22/Source/system_efr32bg22.o
 .debug_info    0x00000000000059fb      0xd1c ./gecko_sdk_3.0.0/platform/common/src/sl_slist.o
 .debug_info    0x0000000000006717      0x1e6 ./gecko_sdk_3.0.0/platform/common/toolchain/src/sl_memory.o
 .debug_info    0x00000000000068fd      0x236 ./gecko_sdk_3.0.0/platform/driver/leddrv/src/sl_led.o
 .debug_info    0x0000000000006b33     0x172c ./gecko_sdk_3.0.0/platform/driver/leddrv/src/sl_simple_led.o
 .debug_info    0x000000000000825f       0x7b ./gecko_sdk_3.0.0/platform/emlib/src/em_assert.o
 .debug_info    0x00000000000082da     0x6217 ./gecko_sdk_3.0.0/platform/emlib/src/em_cmu.o
 .debug_info    0x000000000000e4f1     0x1131 ./gecko_sdk_3.0.0/platform/emlib/src/em_core.o
 .debug_info    0x000000000000f622     0x3304 ./gecko_sdk_3.0.0/platform/emlib/src/em_emu.o
 .debug_info    0x0000000000012926     0x2038 ./gecko_sdk_3.0.0/platform/emlib/src/em_gpio.o
 .debug_info    0x000000000001495e     0x1dc4 ./gecko_sdk_3.0.0/platform/emlib/src/em_rtcc.o
 .debug_info    0x0000000000016722     0x275c ./gecko_sdk_3.0.0/platform/emlib/src/em_timer.o
 .debug_info    0x0000000000018e7e      0x32c ./gecko_sdk_3.0.0/platform/service/device_init/src/sl_device_init_dcdc_s2.o
 .debug_info    0x00000000000191aa      0x9ba ./gecko_sdk_3.0.0/platform/service/device_init/src/sl_device_init_emu_s2.o
 .debug_info    0x0000000000019b64     0x1773 ./gecko_sdk_3.0.0/platform/service/power_manager/src/sl_power_manager.o
 .debug_info    0x000000000001b2d7     0x25d5 ./gecko_sdk_3.0.0/platform/service/power_manager/src/sl_power_manager_hal_s2.o
 .debug_info    0x000000000001d8ac     0x1bd4 ./gecko_sdk_3.0.0/platform/service/sleeptimer/src/sl_sleeptimer.o
 .debug_info    0x000000000001f480     0x12dc ./gecko_sdk_3.0.0/platform/service/sleeptimer/src/sl_sleeptimer_hal_rtcc.o
 .debug_info    0x000000000002075c       0xb8 ./gecko_sdk_3.0.0/platform/service/system/src/sl_system_init.o
 .debug_info    0x0000000000020814       0x5f ./gecko_sdk_3.0.0/platform/service/system/src/sl_system_kernel.o
 .debug_info    0x0000000000020873      0xc4e ./gecko_sdk_3.0.0/util/third_party/freertos/Source/list.o
 .debug_info    0x00000000000214c1     0x21e5 ./gecko_sdk_3.0.0/util/third_party/freertos/Source/queue.o
 .debug_info    0x00000000000236a6     0x2f1c ./gecko_sdk_3.0.0/util/third_party/freertos/Source/tasks.o
 .debug_info    0x00000000000265c2     0x1aba ./gecko_sdk_3.0.0/util/third_party/freertos/Source/timers.o
 .debug_info    0x000000000002807c      0x7a3 ./gecko_sdk_3.0.0/util/third_party/freertos/Source/portable/GCC/ARM_CM4F/port.o
 .debug_info    0x000000000002881f      0xb6e ./gecko_sdk_3.0.0/util/third_party/freertos/Source/portable/MemMang/heap_1.o
 .debug_info    0x000000000002938d      0xf9c ./gecko_sdk_3.0.0/util/third_party/freertos/Source/portable/SiliconLabs/tick_power_manager.o

.debug_abbrev   0x0000000000000000     0x54eb
 .debug_abbrev  0x0000000000000000       0x49 ./app.o
 .debug_abbrev  0x0000000000000049      0x376 ./main.o
 .debug_abbrev  0x00000000000003bf      0x13e ./autogen/sl_device_init_clocks.o
 .debug_abbrev  0x00000000000004fd      0x2a1 ./autogen/sl_event_handler.o
 .debug_abbrev  0x000000000000079e      0x17c ./autogen/sl_simple_led_instances.o
 .debug_abbrev  0x000000000000091a      0x13c ./gecko_sdk_3.0.0/platform/Device/SiliconLabs/EFR32BG22/Source/GCC/startup_efr32bg22.o
 .debug_abbrev  0x0000000000000a56      0x256 ./gecko_sdk_3.0.0/platform/Device/SiliconLabs/EFR32BG22/Source/system_efr32bg22.o
 .debug_abbrev  0x0000000000000cac      0x263 ./gecko_sdk_3.0.0/platform/common/src/sl_slist.o
 .debug_abbrev  0x0000000000000f0f      0x107 ./gecko_sdk_3.0.0/platform/common/toolchain/src/sl_memory.o
 .debug_abbrev  0x0000000000001016       0xed ./gecko_sdk_3.0.0/platform/driver/leddrv/src/sl_led.o
 .debug_abbrev  0x0000000000001103      0x2e2 ./gecko_sdk_3.0.0/platform/driver/leddrv/src/sl_simple_led.o
 .debug_abbrev  0x00000000000013e5       0x68 ./gecko_sdk_3.0.0/platform/emlib/src/em_assert.o
 .debug_abbrev  0x000000000000144d      0x515 ./gecko_sdk_3.0.0/platform/emlib/src/em_cmu.o
 .debug_abbrev  0x0000000000001962      0x356 ./gecko_sdk_3.0.0/platform/emlib/src/em_core.o
 .debug_abbrev  0x0000000000001cb8      0x4a3 ./gecko_sdk_3.0.0/platform/emlib/src/em_emu.o
 .debug_abbrev  0x000000000000215b      0x35d ./gecko_sdk_3.0.0/platform/emlib/src/em_gpio.o
 .debug_abbrev  0x00000000000024b8      0x26d ./gecko_sdk_3.0.0/platform/emlib/src/em_rtcc.o
 .debug_abbrev  0x0000000000002725      0x34c ./gecko_sdk_3.0.0/platform/emlib/src/em_timer.o
 .debug_abbrev  0x0000000000002a71      0x142 ./gecko_sdk_3.0.0/platform/service/device_init/src/sl_device_init_dcdc_s2.o
 .debug_abbrev  0x0000000000002bb3      0x17f ./gecko_sdk_3.0.0/platform/service/device_init/src/sl_device_init_emu_s2.o
 .debug_abbrev  0x0000000000002d32      0x425 ./gecko_sdk_3.0.0/platform/service/power_manager/src/sl_power_manager.o
 .debug_abbrev  0x0000000000003157      0x3cf ./gecko_sdk_3.0.0/platform/service/power_manager/src/sl_power_manager_hal_s2.o
 .debug_abbrev  0x0000000000003526      0x4bb ./gecko_sdk_3.0.0/platform/service/sleeptimer/src/sl_sleeptimer.o
 .debug_abbrev  0x00000000000039e1      0x3fc ./gecko_sdk_3.0.0/platform/service/sleeptimer/src/sl_sleeptimer_hal_rtcc.o
 .debug_abbrev  0x0000000000003ddd       0x5e ./gecko_sdk_3.0.0/platform/service/system/src/sl_system_init.o
 .debug_abbrev  0x0000000000003e3b       0x53 ./gecko_sdk_3.0.0/platform/service/system/src/sl_system_kernel.o
 .debug_abbrev  0x0000000000003e8e      0x226 ./gecko_sdk_3.0.0/util/third_party/freertos/Source/list.o
 .debug_abbrev  0x00000000000040b4      0x377 ./gecko_sdk_3.0.0/util/third_party/freertos/Source/queue.o
 .debug_abbrev  0x000000000000442b      0x48d ./gecko_sdk_3.0.0/util/third_party/freertos/Source/tasks.o
 .debug_abbrev  0x00000000000048b8      0x348 ./gecko_sdk_3.0.0/util/third_party/freertos/Source/timers.o